--------------------------------------------------------------------------------
Release 14.7 Trace  (lin64)
Copyright (c) 1995-2013 Xilinx, Inc.  All rights reserved.

/opt/Xilinx/14.7/ISE_DS/ISE/bin/lin64/unwrapped/trce -intstyle ise -v 3 -s 3 -n
3 -fastpaths -xml loopback.twx loopback.ncd -o loopback.twr loopback.pcf

Design file:              loopback.ncd
Physical constraint file: loopback.pcf
Device,package,speed:     xc6slx45,csg484,C,-3 (PRODUCTION 1.23 2013-10-13)
Report level:             verbose report

Environment Variable      Effect 
--------------------      ------ 
NONE                      No environment variables were set
--------------------------------------------------------------------------------

INFO:Timing:2698 - No timing constraints found, doing default enumeration.
INFO:Timing:3412 - To improve timing, see the Timing Closure User Guide (UG612).
INFO:Timing:2752 - To get complete path coverage, use the unconstrained paths 
   option. All paths that are not constrained will be reported in the 
   unconstrained paths section(s) of the report.
INFO:Timing:3339 - The clock-to-out numbers in this timing report are based on 
   a 50 Ohm transmission line loading model.  For the details of this model, 
   and for more information on accounting for different loading conditions, 
   please see the device datasheet.



Data Sheet report:
-----------------
All values displayed in nanoseconds (ns)

Setup/Hold to clock clk
------------+------------+------------+------------+------------+------------------+--------+
            |Max Setup to|  Process   |Max Hold to |  Process   |                  | Clock  |
Source      | clk (edge) |   Corner   | clk (edge) |   Corner   |Internal Clock(s) | Phase  |
------------+------------+------------+------------+------------+------------------+--------+
reset       |    9.494(R)|      SLOW  |   -3.868(R)|      FAST  |clk_BUFGP         |   0.000|
rs232_rx    |    2.409(R)|      SLOW  |   -1.785(R)|      FAST  |clk_BUFGP         |   0.000|
status_in<0>|    2.645(R)|      SLOW  |   -1.801(R)|      FAST  |clk_BUFGP         |   0.000|
status_in<1>|    1.584(R)|      SLOW  |   -1.021(R)|      SLOW  |clk_BUFGP         |   0.000|
status_in<2>|    1.905(R)|      SLOW  |   -1.319(R)|      SLOW  |clk_BUFGP         |   0.000|
status_in<3>|    1.721(R)|      SLOW  |   -1.161(R)|      SLOW  |clk_BUFGP         |   0.000|
status_in<4>|    1.963(R)|      SLOW  |   -1.386(R)|      SLOW  |clk_BUFGP         |   0.000|
status_in<5>|    1.716(R)|      SLOW  |   -1.154(R)|      SLOW  |clk_BUFGP         |   0.000|
status_in<6>|    1.432(R)|      SLOW  |   -0.899(R)|      SLOW  |clk_BUFGP         |   0.000|
status_in<7>|    1.298(R)|      SLOW  |   -0.759(R)|      SLOW  |clk_BUFGP         |   0.000|
switches<0> |    2.967(R)|      SLOW  |   -2.065(R)|      FAST  |clk_BUFGP         |   0.000|
switches<1> |    1.853(R)|      SLOW  |   -1.294(R)|      SLOW  |clk_BUFGP         |   0.000|
switches<2> |    2.167(R)|      SLOW  |   -1.581(R)|      SLOW  |clk_BUFGP         |   0.000|
switches<3> |    1.678(R)|      SLOW  |   -1.122(R)|      SLOW  |clk_BUFGP         |   0.000|
switches<4> |    1.690(R)|      SLOW  |   -1.133(R)|      SLOW  |clk_BUFGP         |   0.000|
switches<5> |    1.217(R)|      FAST  |   -0.667(R)|      SLOW  |clk_BUFGP         |   0.000|
switches<6> |    1.702(R)|      SLOW  |   -1.155(R)|      SLOW  |clk_BUFGP         |   0.000|
switches<7> |    1.794(R)|      SLOW  |   -1.255(R)|      SLOW  |clk_BUFGP         |   0.000|
------------+------------+------------+------------+------------+------------------+--------+

Clock clk to Pad
--------------+-----------------+------------+-----------------+------------+------------------+--------+
              |Max (slowest) clk|  Process   |Min (fastest) clk|  Process   |                  | Clock  |
Destination   |  (edge) to PAD  |   Corner   |  (edge) to PAD  |   Corner   |Internal Clock(s) | Phase  |
--------------+-----------------+------------+-----------------+------------+------------------+--------+
command_out<0>|         9.336(R)|      SLOW  |         5.089(R)|      FAST  |clk_BUFGP         |   0.000|
command_out<1>|         9.252(R)|      SLOW  |         5.048(R)|      FAST  |clk_BUFGP         |   0.000|
command_out<2>|         9.378(R)|      SLOW  |         5.139(R)|      FAST  |clk_BUFGP         |   0.000|
command_out<3>|         9.309(R)|      SLOW  |         5.131(R)|      FAST  |clk_BUFGP         |   0.000|
command_out<4>|         9.093(R)|      SLOW  |         4.953(R)|      FAST  |clk_BUFGP         |   0.000|
command_out<5>|         9.293(R)|      SLOW  |         5.061(R)|      FAST  |clk_BUFGP         |   0.000|
command_out<6>|         8.983(R)|      SLOW  |         4.907(R)|      FAST  |clk_BUFGP         |   0.000|
command_out<7>|         9.181(R)|      SLOW  |         5.018(R)|      FAST  |clk_BUFGP         |   0.000|
leds<0>       |         8.187(R)|      SLOW  |         4.392(R)|      FAST  |clk_BUFGP         |   0.000|
leds<1>       |         8.794(R)|      SLOW  |         4.748(R)|      FAST  |clk_BUFGP         |   0.000|
leds<2>       |         8.771(R)|      SLOW  |         4.756(R)|      FAST  |clk_BUFGP         |   0.000|
leds<3>       |         8.336(R)|      SLOW  |         4.509(R)|      FAST  |clk_BUFGP         |   0.000|
leds<4>       |         8.639(R)|      SLOW  |         4.657(R)|      FAST  |clk_BUFGP         |   0.000|
leds<5>       |         8.826(R)|      SLOW  |         4.765(R)|      FAST  |clk_BUFGP         |   0.000|
leds<6>       |         8.955(R)|      SLOW  |         4.881(R)|      FAST  |clk_BUFGP         |   0.000|
leds<7>       |         8.541(R)|      SLOW  |         4.594(R)|      FAST  |clk_BUFGP         |   0.000|
msg_num_out<0>|         9.003(R)|      SLOW  |         4.858(R)|      FAST  |clk_BUFGP         |   0.000|
msg_num_out<1>|         9.003(R)|      SLOW  |         4.858(R)|      FAST  |clk_BUFGP         |   0.000|
msg_num_out<2>|         8.838(R)|      SLOW  |         4.767(R)|      FAST  |clk_BUFGP         |   0.000|
msg_num_out<3>|         8.838(R)|      SLOW  |         4.767(R)|      FAST  |clk_BUFGP         |   0.000|
msg_num_out<4>|         8.547(R)|      SLOW  |         4.588(R)|      FAST  |clk_BUFGP         |   0.000|
msg_num_out<5>|         8.870(R)|      SLOW  |         4.748(R)|      FAST  |clk_BUFGP         |   0.000|
msg_num_out<6>|         8.481(R)|      SLOW  |         4.547(R)|      FAST  |clk_BUFGP         |   0.000|
msg_num_out<7>|         8.481(R)|      SLOW  |         4.547(R)|      FAST  |clk_BUFGP         |   0.000|
rs232_tx      |         8.983(R)|      SLOW  |         4.879(R)|      FAST  |clk_BUFGP         |   0.000|
--------------+-----------------+------------+-----------------+------------+------------------+--------+

Clock to Setup on destination clock clk
---------------+---------+---------+---------+---------+
               | Src:Rise| Src:Fall| Src:Rise| Src:Fall|
Source Clock   |Dest:Rise|Dest:Rise|Dest:Fall|Dest:Fall|
---------------+---------+---------+---------+---------+
clk            |    9.068|         |         |         |
---------------+---------+---------+---------+---------+


Analysis completed Sun May  3 00:24:33 2026 
--------------------------------------------------------------------------------

Trace Settings:
-------------------------
Trace Settings 

Peak Memory Usage: 440 MB



