Release 14.7 - xst P.20131013 (lin64)
Copyright (c) 1995-2013 Xilinx, Inc.  All rights reserved.
--> 
Parameter TMPDIR set to xst/projnav.tmp


Total REAL time to Xst completion: 0.00 secs
Total CPU time to Xst completion: 0.00 secs
 
--> 
Parameter xsthdpdir set to xst


Total REAL time to Xst completion: 0.00 secs
Total CPU time to Xst completion: 0.00 secs
 
--> 
Reading design: loopback.prj

TABLE OF CONTENTS
  1) Synthesis Options Summary
  2) HDL Parsing
  3) HDL Elaboration
  4) HDL Synthesis
       4.1) HDL Synthesis Report
  5) Advanced HDL Synthesis
       5.1) Advanced HDL Synthesis Report
  6) Low Level Synthesis
  7) Partition Report
  8) Design Summary
       8.1) Primitive and Black Box Usage
       8.2) Device utilization summary
       8.3) Partition Resource Summary
       8.4) Timing Report
            8.4.1) Clock Information
            8.4.2) Asynchronous Control Signals Information
            8.4.3) Timing Summary
            8.4.4) Timing Details
            8.4.5) Cross Clock Domains Report


=========================================================================
*                      Synthesis Options Summary                        *
=========================================================================
---- Source Parameters
Input File Name                    : "loopback.prj"
Ignore Synthesis Constraint File   : NO

---- Target Parameters
Output File Name                   : "loopback"
Output Format                      : NGC
Target Device                      : xc6slx45-3-csg484

---- Source Options
Top Module Name                    : loopback
Automatic FSM Extraction           : YES
FSM Encoding Algorithm             : Auto
Safe Implementation                : No
FSM Style                          : LUT
RAM Extraction                     : Yes
RAM Style                          : Auto
ROM Extraction                     : Yes
Shift Register Extraction          : YES
ROM Style                          : Auto
Resource Sharing                   : YES
Asynchronous To Synchronous        : NO
Shift Register Minimum Size        : 2
Use DSP Block                      : Auto
Automatic Register Balancing       : No

---- Target Options
LUT Combining                      : Auto
Reduce Control Sets                : Auto
Add IO Buffers                     : YES
Global Maximum Fanout              : 100000
Add Generic Clock Buffer(BUFG)     : 16
Register Duplication               : YES
Optimize Instantiated Primitives   : NO
Use Clock Enable                   : Auto
Use Synchronous Set                : Auto
Use Synchronous Reset              : Auto
Pack IO Registers into IOBs        : Auto
Equivalent register Removal        : YES

---- General Options
Optimization Goal                  : Speed
Optimization Effort                : 1
Power Reduction                    : NO
Keep Hierarchy                     : No
Netlist Hierarchy                  : As_Optimized
RTL Output                         : Yes
Global Optimization                : AllClockNets
Read Cores                         : YES
Write Timing Constraints           : NO
Cross Clock Analysis               : NO
Hierarchy Separator                : /
Bus Delimiter                      : <>
Case Specifier                     : Maintain
Slice Utilization Ratio            : 100
BRAM Utilization Ratio             : 100
DSP48 Utilization Ratio            : 100
Auto BRAM Packing                  : NO
Slice Utilization Ratio Delta      : 5

=========================================================================


=========================================================================
*                          HDL Parsing                                  *
=========================================================================
Analyzing Verilog file "/home/ise/Downloads/verilog/uart_tx6.v" into library work
Parsing module <uart_tx6>.
Analyzing Verilog file "/home/ise/Downloads/verilog/uart_rx6.v" into library work
Parsing module <uart_rx6>.
Analyzing Verilog file "/home/ise/Downloads/verilog/kcpsm6.v" into library work
Parsing module <kcpsm6>.
Analyzing Verilog file "/home/ise/Downloads/picoblaze/final_project_complete.v" into library work
Parsing module <final_project_complete>.
Analyzing Verilog file "/home/ise/Downloads/verilog/led_driver.v" into library work
Parsing module <led_driver_wrapper>.
Analyzing Verilog file "/home/ise/Downloads/rs232_uart.v" into library work
Parsing module <rs232_uart>.
Analyzing Verilog file "/home/ise/Downloads/picoblaze.v" into library work
Parsing module <picoblaze>.
Analyzing Verilog file "/home/ise/Downloads/loopback.v" into library work
Parsing module <loopback>.

=========================================================================
*                            HDL Elaboration                            *
=========================================================================

Elaborating module <loopback>.

Elaborating module <led_driver_wrapper>.

Elaborating module <rs232_uart>.
WARNING:HDLCompiler:413 - "/home/ise/Downloads/rs232_uart.v" Line 61: Result of 11-bit expression is truncated to fit in 10-bit target.

Elaborating module <uart_tx6>.

Elaborating module <SRL16E(INIT=16'b0)>.

Elaborating module <FD>.

Elaborating module <LUT6(INIT=64'b1111111100000000111111100000000011111111100000001111111100000000)>.

Elaborating module <FDR>.

Elaborating module <LUT6(INIT=64'b1111000011110000111000011110000011111000011110001111000011110000)>.

Elaborating module <LUT6_2(INIT=64'b1100110010010000011000001100110010101010010100000101000010101010)>.

Elaborating module <LUT6_2(INIT=64'b1111010011111100111101001111110000000100000000000000010011000000)>.

Elaborating module <LUT6_2(INIT=64'b01000000000000000010000000000000000000000000000000)>.

Elaborating module <LUT6(INIT=64'b1111111100000000111100001111000011001100110011001010101010101010)>.

Elaborating module <LUT6_2(INIT=64'b1100111110101010110011000000111100001111111111111111111111111111)>.

Elaborating module <LUT6(INIT=64'b1000010101010000000000000000000010101010101010101010101010101010)>.

Elaborating module <LUT6(INIT=64'b010011001100001000000000000000011001100110011001100110011001100)>.

Elaborating module <LUT6(INIT=64'b1000100001110000000000000000000011110000111100001111000011110000)>.

Elaborating module <LUT6(INIT=64'b1000011101000100000000000000000011111111000000001111111100000000)>.

Elaborating module <LUT6_2(INIT=64'b0110110000000000000000000000000001011010000000000000000000000000)>.

Elaborating module <LUT6_2(INIT=64'b0111111110000000111111110000000001111000011110001111000011110000)>.

Elaborating module <LUT6_2(INIT=64'b010000000000000000000000000000000)>.

Elaborating module <uart_rx6>.

Elaborating module <LUT6_2(INIT=64'b1100110011110000000000000000000010101010110011000000000000000000)>.

Elaborating module <LUT6_2(INIT=64'b1100101011111111110010101111111100000000000000001100000011000000)>.

Elaborating module <LUT6_2(INIT=64'b1111000011001100111111111111111111001100101010101111111111111111)>.

Elaborating module <LUT6(INIT=64'b010111100101111101011111010111100000000000000001111111100000000)>.

Elaborating module <LUT6(INIT=64'b010001000100010000000001111000000000000000000000000000000000000)>.

Elaborating module <LUT6_2(INIT=64'b0110110011001100000000000000000001011010101010100000000000000000)>.

Elaborating module <LUT6_2(INIT=64'b010000000000000000000000010001000100010001000100010001000)>.

Elaborating module <picoblaze>.

Elaborating module <kcpsm6>.

Elaborating module <LUT6_2(INIT=64'b1111111111111111111101010101010100000000000000000000111011101110)>.

Elaborating module <LUT6_2(INIT=64'b010000011000000000000101100000000110001000000000001001100)>.

Elaborating module <LUT6_2(INIT=64'b010000000000000000000000000000000000000000100000000000)>.

Elaborating module <LUT6(INIT=64'b01100101010101010)>.

Elaborating module <LUT6_2(INIT=64'b1100110000110011111111110000000010000000100000001000000010000000)>.

Elaborating module <LUT6(INIT=64'b0101101000111100111111111111111100000000000000000000000000000000)>.

Elaborating module <LUT6_2(INIT=64'b0111011101110111000000100111011100000000000000000000001000000000)>.

Elaborating module <LUT6_2(INIT=64'b0111100000000000000000000000000000010001111111111)>.

Elaborating module <LUT6(INIT=64'b1111111111111111111111111111111100000000000001000000000000000000)>.

Elaborating module <LUT6_2(INIT=64'b1111111111111111000100000000000000000000000000000010000000000000)>.

Elaborating module <LUT6_2(INIT=64'b01111001010000000000000000000000100001000000000000000000000)>.

Elaborating module <LUT6_2(INIT=64'b0111011100001000000000000000000000000000000000000000111100000000)>.

Elaborating module <LUT6_2(INIT=64'b1101000000000000000000000000000000000010000000000000000000000000)>.

Elaborating module <LUT6_2(INIT=64'b01001111110011111100000000000100001111011111001110)>.

Elaborating module <LUT6_2(INIT=64'b1100000011001100000000000000000010100000101010100000000000000000)>.

Elaborating module <LUT6_2(INIT=64'b1000000000000000000000000000000000100000000000000000000000000000)>.

Elaborating module <LUT6_2(INIT=64'b0100000000000000000000000000000000000001000000000000000000000000)>.

Elaborating module <LUT6(INIT=64'b010000000000000100000000000000000000000000000000000000000)>.

Elaborating module <LUT6(INIT=64'b1010110010101100111111110000000011111111000000001111111100000000)>.

Elaborating module <XORCY>.

Elaborating module <LUT6_2(INIT=64'b010000111011110000000000000000000)>.

Elaborating module <MUXCY>.

Elaborating module <LUT6(INIT=64'b0110100110010110100101100110100110010110011010010110100110010110)>.

Elaborating module <LUT6(INIT=64'b1111111111111111101010101100110011110000111100001111000011110000)>.

Elaborating module <LUT6_2(INIT=64'b011001100110011101010101100110011110000101010100000000000000000)>.

Elaborating module <FDRE>.

Elaborating module <LUT6_2(INIT=64'b1010001010000000000000000000000000000000111100000000000011110000)>.

Elaborating module <LUT6_2(INIT=64'b01)>.

Elaborating module <LUT6_2(INIT=64'b0110100000000000000000000000000000000)>.

Elaborating module <LUT6(INIT=64'b1111101111111111000000000000000000000000000000000000000000000000)>.

Elaborating module <LUT6_2(INIT=64'b1111111100000000111100001111000011001100110011001010101010101010)>.

Elaborating module <LUT6(INIT=64'b010101010000000001111111100110011110011000000111100000000)>.

Elaborating module <LUT6(INIT=64'b010101010000000001111111111001100110011001111000000000000)>.

Elaborating module <LUT6(INIT=64'b010101010000000000000000011001100110011001111000000000000)>.

Elaborating module <RAM32M(INIT_A=64'b0,INIT_B=64'b0,INIT_C=64'b0,INIT_D=64'b0)>.

Elaborating module <LUT6_2(INIT=64'b010101001010011010101010101010101010101010101010101010)>.

Elaborating module <LUT6_2(INIT=64'b0101010001001010010101010101010101010101010101010101010)>.

Elaborating module <LUT6_2(INIT=64'b0110100101101001011011101000101011001100110011000000000000000000)>.

Elaborating module <LUT6(INIT=64'b1011111110111100100011111000110010110011101100001000001110000000)>.

Elaborating module <RAM64M(INIT_A=64'b0,INIT_B=64'b0,INIT_C=64'b0,INIT_D=64'b0)>.

Elaborating module <final_project_complete>.

Elaborating module
<RAMB16BWER(DATA_WIDTH_A=9,DOA_REG=0,EN_RSTRAM_A="FALSE",INIT_A=32'b0,RST_PRIORITY_A="CE",SRVAL_A=32'b0,WRITE_MODE_A="WRITE_FIRST",DATA_WIDTH_B=9,DOB_REG=0,EN_RSTRAM_B="FALSE",INIT_B=32'b0,RST_PRIORITY_B="CE",SRVAL_B=32'b0,WRITE_MODE_B="WRITE_FIRST",RSTTYPE="SYNC",INIT_FILE="NONE",SIM_COLLISION_CHECK="ALL",SIM_DEVICE="SPARTAN6",INIT_00=256'b1000001001011110000011111101011111001101001101011011110100110100100100100011001101110011001100100001111000110001000000001111101111110110011010100000000000000110000000000000101100000000000011000010111100001100010000000000010000000001000000000000011000000000,INIT_01=256'b0101000001000000000011010000010110000001100000000100000111010000100000010000110111000000110011011100000010001101110000000100100001110101110011011000110100001101000011001100110010001100100011000000110001000010110011000000000000111110111111011011101011,INIT_02=256'b010000100000101100110000000010000001101000001000000010000011000000111010111110101011100000000010000010100000101101100011000100110011101110011010100
1101110000000000100100000100000001000001000110011100000010010100110000000101101100000001000000000000000001,INIT_03=256'b010010001000000001000000000000000001000000100000011000000010110101001010110010001111000000010000100000001011000001011001101000000001000000000000011000001010000010110000010110001000000001100000100101000001011101100000000100000001010000010000000000000110,INIT_04=256'b1010100000110011101001100011001010100100001100010000101100110000000000001111101111110110111010111000001000101100000010110000010100010010000010110000010100000100000000010000000000000110000010100111110010001000011000101000100001110011000000100111110000000001,INIT_05=256'b1111011001110100010101000000101100000101100101010000011000000011000001110100001100001011110000011011011001111001101101100101100100000000111110111111011001110100010000110000010010101011000000111010101100000010101010110000000110010101110101111010101000110100,INIT_06=256'b01100010111011000110010011100010011101010000001011010000000000010000010000001011000001001110110000
01000011100010000010000000000000110001000100011110100100001011000001011010011100000110000001000000101111000001110010000111100111001000010110010000000011111011,INIT_07=256'b011111110110000000100000101000000000000001011110110000000010000010011010000000100010000010100000110000001100100000000000001110100000000000001000000110100000001000100000101000001100000010101000000000000011101000000001000010000001101000000001011,INIT_08=256'b1111101111111011111110111111101111111011111110111111101111111011111110111111101111111011111110111111101111111011111110111111101111111011111110111111101100111101000000000000011000000001000001110000000111111111111111110000000011111011000010101111101100001101,INIT_09=256'b1111101101001101111110110010000011111011010011111111101101001001111110110100010011111011010101011111101101000001111110111111101100100000000000000000000011111011111110111111101111111011111110111111101111111011111110111111101111111011111110111111101111111011,INIT_0A=256'b1111101100100000111110110101001011111011010001011111101
101000100111110110101001011111011010011111111101101000011111110110100010111111011010100101111101100100000111110110100010111111011010001111111101101000001111110110101001111111011010100111111101101000101,INIT_0B=256'b011000100000000111110110011101011111011010101011111101101001110111110110100010111111011010011011111101100100000111110110100111011111011010010011111101101000001111110110100110100000000000000001111101100110000111110110010111011111011001100011111101101110110,INIT_0C=256'b0110010111111011011001111111101101100001111110110111001111111011011100111111101101100101111110110110110111111011001000001111101101100001111110110010000011111011011110011111101101100001111110110110110011111011010100001111101100100000111110110010100111111011,INIT_0D=256'b1111101101110011111110110110010111111011011011011111101100100000111110110110000111111011001000001111101101100100111110110111001011111011011011111111101101100011111110110110010111111011010100101111101100100000111110110010100111111011001100100000000011111011,INIT_0E=256'b
010000011111011011000011111101100100000111110110110010111111011011101001111101101100101111110110110110011111011011001011111101101000100111110110010000011111011001010011111101100110011000000001111101101100101111110110110011111111011011000011111101101110011,INIT_0F=256'b1111101101110100111110110110010111111011011011001111101101100101111110110100010011111011001000001111101100101001111110110011010000000000111110110110010111111011011001111111101101100001111110110111001111111011011100111111101101100101111110110110110111111011,INIT_10=256'b010100111111011001101010000000011111011011100111111101101100101111110110110011111111011011000011111101101110011111110110111001111111011011001011111101101101101111110110010000011111011011011001111101101101100111110110110000111111011001000001111101101100101,INIT_11=256'b011111011011011001111101101101111111110110111001011111011011101001111101101101110111110110110111111111011011000111111101100100000111110110110010111111011011011011111101101110101111110110110110011111011011011111111101
101010110111110110010000011111011,INIT_12=256'b1111101100101101000000001111101100100000111110110011101011111011010111011111101100110101111110110010110111111011001100011111101101011011111110110010000011111011011101001111101101100011111110110110010111111011011011001111101101100101111110110101001100000000,INIT_13=256'b1111101111111011001011011111101100100000111110110100010111111011010001111111101101000001111110110101001111111011010100111111101101000101111110110100110111111011001000001111101101011001111110110100000111111011010011001111101101010000111110110010000011111011,INIT_14=256'b1111101100100000111110110010100111111011001100011111101100100000101010110000001000000000111110110011101011111011011100111111101101100101111110110110011111111011011000011111101101110011111110110111001111111011011001011111101101001101000010000000000000000000,INIT_15=256'b01111101100110010111110110010000011111011011001111111101101110011111110110100110111111011001000001111101100101001111110110011001011111011001000001100000000000100000000
0011111011001100011111101100100000111110110110011111111011011100111111101101001101,INIT_16=256'b0100110111111011001000001111101100101001111110110011010011111011001000001110101000010000000000001111101100110011111110110010000011111011011001111111101101110011111110110100110111111011001000001111101100101001111110110011001111111011001000001101010100001000,INIT_17=256'b011010011111011001011011111101100110001111110110101101111111011001000001111101101110100111110110110001111111011011001011111101101101100111110110110010111111011010100110000000000000000111110110011010011111011001000001111101101100111111110110111001111111011,INIT_18=256'b1111101101110000111110110010000011111011011101111111101101101111111110110100111000000000111110110010000011111011001110101111101101101011111110110110001111111011011000011111101101100010111110110011110111111011001100001111101100100000111110110101110111111011,INIT_19=256'b11111011011101011111101101100001111110110111000011111011010111011111101101110000111110110101101100000000000000001111101
10010111011111011001011101111101100101110111110110110011111111011011011101111101101101001111110110111100111111011011000011111101101101100,INIT_1A=256'b1111101101100001111110110110001011111011010111011111101101100010111110110101101111111011001000001111101101110000111110110110100111111011011010111111101101110011111110110101110111111011011100111111101101011011111110110010000011111011011001011111101101110011,INIT_1B=256'b1111101101101101111110110111010111111011011100111111101101100101111110110101001000000000000000001111101100101110111110110110010011111011011001011111101101110011111110110111010111111011011000011111101101010000000000000000000011111011011010111111101101100011,INIT_1C=256'b1111101101101111111110110111010011111011010100110000000000000000111110110010111011111011011001001111101101100101111110110111000011111011011100001111101101101001111110110110101111111011010100110000000000000000111110110010111011111011011001001111101101100101,INIT_1D=256'b010011011111101100100000111110110100010011111011010100101111101
1010011111111101101000011111110110100010111111011010100101111101100100000111110111111101100101101000000000000000011111011001011101111101101100100111110110110010111111011011100001111101101110000,INIT_1E=256'b1111101101100100111110110111001011111011011011111111101101100011111110110110010111111011010100100000000000000000111110111111101100101101111110110010000011111011010001011111101101000111111110110100000111111011010100111111101101010011111110110100010111111011,INIT_1F=256'b1111101101101111111110110111010011111011011100111111101100100000111110110110111111111011011101001111101101011101111110110111001111111011010110111111101100100000111110110010111011111011001011101111101100101110111110110110011111111011011011101111101101101001,INIT_20=256'b1111101100100000111110110111100111111011011100101111101101101111111110110110110111111011011001011111101101001101000000000000000011111011001000011111101101100100111110110110010111111011011101101111101101100001111110110101001100000000000000001111101101110000,INIT_21=256'b0100110
111111011001000001111101101000101111110110101010011111011010001011111101101001100111110110100010111111011010001001111101100100000111110111111101100101101000000000000000011111011001000011111101101101100111110110110110011111011011101011111101101100110,INIT_22=256'b0100010111111011010011001111101101000101111110110100010011111011001000001111101111111011001011010000000000000000111110111111101100101101111110110010000011111011010001011111101101000111111110110100000111111011010100111111101101010011111110110100010111111011,INIT_23=256'b1111101101110010111110110110100111111011011001101111101101101110111110110110111111111011010000110000000000000000111110111111101100101101111110110010000011111011010011001111101101001100111110110100000111111011001000001111101101000101111110110101010011111011,INIT_24=256'b01100101111110110111010011111011011001011111101101101100111110110110010111111011010001000000000011111011001000001111101100111010111110110101110111111011010011101111101100101111111110110101100111111011010110111111101100100
00011111011001111111111101101101101,INIT_25=256'b011111011001011101111101101100100111110110110010111111011011101001111101101100101111110110110110011111011011001011111101101100100111110110010000011111011011011001111101101101100111110110100000100000000000000001111101100101110111110110110010011111011,INIT_26=256'b0110110011111011011000011111101101110110111110110110111011111011010010010000000000000000111110110010111011111011011001001111101101100101111110110110110011111011011011001111101101100101111110110110001111111011011011101111101101100001111110110100001100000000,INIT_27=256'b1111101101001111111110110100001111111011001000001111101101000101111110110100110111111011010101011111101101001100111110110100111111111011010101101111101100100000111110111111101100101101000000000000000011111011001011101111101101100100111110110110100111111011,INIT_28=256'b1100000000000000010000001111101101011011111110110010000011111011001110101111101101101100111110110110111111111011010101100000000000000000111110111111101100101101111110110010
000011111011010011001111101101001111111110110101001011111011010101001111101101001110,INIT_29=256'b0110010011111011010110111111101100100000111110110111000011111011011101011111101101011101111110110111010111111011010110110000000000000000111110110101110100100111000000011111101100100000001011010000100000101101000111110000100000000001111110110011110100100111,INIT_2A=256'b0111110110110101111111011011000111111101101100001111110110110001011111011010111011111101101100010111110110101101111111011001000001111101101101110111110110111011111111011011011111111101101100100111110110101110111111011,INIT_2B=256'b0,INIT_2C=256'b0,INIT_2D=256'b0,INIT_2E=256'b0,INIT_2F=256'b0,INIT_30=256'b0,INIT_31=256'b0,INIT_32=256'b0,INIT_33=256'b0,INIT_34=256'b0,INIT_35=256'b0,INIT_36=256'b0,INIT_37=256'b0,INIT_38=256'b0,INIT_39=256'b0,INIT_3A=256'b0,INIT_3B=256'b0,INIT_3C=256'b0,INIT_3D=256'b0,INIT_3E=256'b0,INIT_3F=256'b0,INITP_00=256'b0110011011011001101100000000011000000011001000000000100000100000000000100000000000000000000000100000010010000
00000000110000000110000110000011000100000001000000001100000000011000000000001100000000000000000000000100000000000000000100110001111000000,INITP_01=256'b0100000000000000000000000000000000000000100000000000000000000000000000000000000100000000000000000000000000000000001000000000000000000000100000000000000000000000000000000000000000000000000000000001000000000000000000000000000000000010111000000,INITP_02=256'b0100000000000000000001100000000000000000001100000000000000000001100000000000000000001100000000000000000010100000000000000000000000000000000000000000000000000000000000000011000000000000000000000000000000000010000000000000000000000000000,INITP_03=256'b01000000000000000000000000000000000000000100000000000000000100000000000000000100000000000000000100000000000000010000000000000000000000000000000000000000000000000100000000000000000000000000000000000000000000000000,INITP_04=256'b0100000000000000000100000000000000000000010000000000000000000000000100000000000000000000000000000000000000000000000000100000000000000000000
0000000000010000000000000000000000000000000000000001000000000000000000000000010000000000000100,INITP_05=256'b010000000000000000000000000000000000000000000100110011111100111000000000000001000000000000000,INITP_06=256'b0,INITP_07=256'b0>.

Elaborating module
<RAMB16BWER(DATA_WIDTH_A=9,DOA_REG=0,EN_RSTRAM_A="FALSE",INIT_A=32'b0,RST_PRIORITY_A="CE",SRVAL_A=32'b0,WRITE_MODE_A="WRITE_FIRST",DATA_WIDTH_B=9,DOB_REG=0,EN_RSTRAM_B="FALSE",INIT_B=32'b0,RST_PRIORITY_B="CE",SRVAL_B=32'b0,WRITE_MODE_B="WRITE_FIRST",RSTTYPE="SYNC",INIT_FILE="NONE",SIM_COLLISION_CHECK="ALL",SIM_DEVICE="SPARTAN6",INIT_00=256'b0100000001000100000000001010010000111010001001000011101000100100001110100010010000111010001001000011101000000000000000000000000000000000000000000001101000000010000001000000000000000000000000000000000000011110000000100001101000000010000110100000001000,INIT_01=256'b0100001111000000010000000000100000001011010000000100001101000011110000000100000010000000010000001000000001000000100000000100000010000000000101001000011101000100100001110100010010000111010001001000011101000100100001110100000000000000000000000000000000001,INIT_02=256'b010000001000000000001011010000000100001111000000010000110100000001000000100001001000011101000010110000001000010010000111010001001000011101000100100001
1101000010010001001000001101001010010011011000001101000101100000110100010110000011010000100100001101000,INIT_03=256'b0100100110110000011010000100100001101000000010000110100000001000000000010000000110110000011010000100100000010000000000000000000101101000000010000110100000001000000100000000000000000001011010000000100000010000000000010110100000001000011110000000100001101000,INIT_04=256'b1001000011101000100100001110100010010000111010001001000011101000000000000000000000000000000000010000000100000010000100000000000000000010000100000000000000000010011010000000100001101000000010000001000010010000111010001001000011101000010010001001000001101001,INIT_05=256'b010000000100001000000000000000000100110100000001000011010000101100000010000000000101001000011101000100100001110100000000000000000000000000000000010011110000000100000010000000010000001000000001000000100000000100000010000000000101001000011101000,INIT_06=256'b11101000100100001110100010010000111010000100100010010000011010010100100110110000011010001011000001101000101100
00011010000100100000000010000000100000001000010000000000000000001001101000000010000001000000000010100100001110100010010000111010000000000000000000,INIT_07=256'b010100001101000101100000110100101001001001010000100100010010000011010010100100100010000000000100000000001101000000010000111100011001000100100001110100001011000000100000000001000000000011010000000100001111000100010001001000011101000010110000001000010010000,INIT_08=256'b01000001010001011000011001101101100001100110100001101000011010010100000000000000010000000000000001000,INIT_09=256'b01000000000000000100000000000000010000000000000001000000000000000100000000000000010000000000000001000000000000000000000001000001010000000000000000000000000000000000000000000000000000000000000000000000000000000000000000000000000000000000000000000,INIT_0A=256'b01000000000000000100000000000000010000000000000001000000000000000100000000000000010000000000000001000000000000000100000000000000010000000000000001000000000000000100000000000000010000000000000001000000000000000100000000000
000010000000000000001000,INIT_0B=256'b0100000000000000000000000100000000000000010000000000000001000000000000000100000000000000010000000000000001000000000000000100000000000000010000000000000001000000000000000100000101000000000000000000000001000000000000000100000000000000010000000000000001000,INIT_0C=256'b0100000000000000010000000000000001000000000000000100000000000000010000000000000001000000000000000100000000000000010000000000000001000000000000000100000000000000010000000000000001000000000000000100000000000000010000000000000001000000000000000100000000000,INIT_0D=256'b01000000000000000100000000000000010000000000000001000000000000000100000000000000010000000000000001000000000000000100000000000000010000000000000001000000000000000100000000000000010000000000000001000000000000000100000000000000010000000000000000000,INIT_0E=256'b0100000000000000010000000000000001000000000000000100000000000000010000000000000001000000000000000100000000000000010000000000000001000000000000000100000000000000010000000000000001000000000000000
000000001000000000000000100000000000000010000000000000001000,INIT_0F=256'b01000000000000000100000000000000010000000000000001000000000000000100000000000000010000000000000001000000000000000100000000000000000000000100000000000000010000000000000001000000000000000100000000000000010000000000000001000000000000000100000000000,INIT_10=256'b0100000000000000010000000000000000000000010000000000000001000000000000000100000000000000010000000000000001000000000000000100000000000000010000000000000001000000000000000100000000000000010000000000000001000000000000000100000000000000010000000000000001000,INIT_11=256'b010000000000000001000000000000000100000000000000010000000000000001000000000000000100000000000000010000000000000001000000000000000100000000000000010000000000000001000000000000000100000000000000010000000000000001000000000000000100000000000,INIT_12=256'b01000001010000000000000001000000000000000100000000000000010000000000000001000000000000000100000000000000010000000000000001000000000000000100000000000000010000000000000001000
000000000000100000000000000010000000000000001000000000000000100000000000,INIT_13=256'b010000000000000001000000000000000100000000000000010000000000000001000000000000000100000000000000010000000000000001000000000000000100000000000000010000000000000001000000000000000100000000000000010000000000000001000000000000000100000000000,INIT_14=256'b01000000000000000100000000000000010000000000000001000100100010110101000000000000000000000100000000000000010000000000000001000000000000000100000000000000010000000000000001000000000000000100000000000000010000000000000001000010010100010100000000000,INIT_15=256'b010000000000000001000000000000000100000000000000010000000000000001000000000000000100000000000000010000000000000001000000000000000100010010001011010100000000000000000000010000000000000001000000000000000100000000000000010000000000000001000,INIT_16=256'b010000000000000001000000000000000100000000000000010000000000000001000100100010110101000000000000000000000100000000000000010000000000000001000000000000000100000000000000010000000
0000000010000000000000001000000000000000100000000000000010001001000101101010,INIT_17=256'b0100000000000000010000000000000001000000000000000100000000000000010000000000000001000000000000000100000000000000010000000000000001000000000000000100000000000000010000010100000000000000000000000100000000000000010000000000000001000000000000000100000000000,INIT_18=256'b01000000000000000100000000000000010000000000000001000000000000000100000101000000000000000100000000000000010000000000000001000000000000000100000000000000010000000000000001000000000000000100000000000000010000000000000001000000000000000100000000000,INIT_19=256'b01000000000000000100000000000000010000000000000001000000000000000100000000000000010000010100000000000000000000000100000000000000010000000000000001000000000000000100000000000000010000000000000001000000000000000100000000000000010000000000000001000,INIT_1A=256'b01000000000000000100000000000000010000000000000001000000000000000100000000000000010000000000000001000000000000000100000000000000010000000000000001000
000000000000100000000000000010000000000000001000000000000000100000000000000010000000000000001000,INIT_1B=256'b01000000000000000100000000000000010000000000000001000000000000000100000101000000000000000000000001000000000000000100000000000000010000000000000001000000000000000100000000000000010000000000000001000001010000000000000000000000010000000000000001000,INIT_1C=256'b01000000000000000100000000000000010000010100000000000000000000000100000000000000010000000000000001000000000000000100000000000000010000000000000001000000000000000100000000000000010000010100000000000000000000000100000000000000010000000000000001000,INIT_1D=256'b0100000000000000010000000000000001000000000000000100000000000000010000000000000001000000000000000100000000000000010000000000000001000000000000000000000001000001010000000000000000000000010000000000000001000000000000000100000000000000010000000000000001000,INIT_1E=256'b010000000000000001000000000000000100000000000000010000000000000001000000000000000100000101000000000000000000000000000000010000000
00000000100000000000000010000000000000001000000000000000100000000000000010000000000000001000000000000000100000000000,INIT_1F=256'b01000000000000000100000000000000010000000000000001000000000000000100000000000000010000000000000001000000000000000100000000000000010000000000000001000000000000000100000000000000010000000000000001000000000000000100000000000000010000000000000001000,INIT_20=256'b01000000000000000100000000000000010000000000000001000000000000000100000000000000010000000000000001000001010000000000000000000000010000000000000001000000000000000100000000000000010000000000000001000000000000000100000101000000000000000000000001000,INIT_21=256'b0100000000000000010000000000000001000000000000000100000000000000010000000000000001000000000000000100000000000000010000000000000001000000000000000000000001000001010000000000000000000000010000000000000001000000000000000100000000000000010000000000000001000,INIT_22=256'b0100000000000000010000000000000001000000000000000100000000000000010000000000000000000000010000010100000000000
000000000000000000001000000000000000100000000000000010000000000000001000000000000000100000000000000010000000000000001000000000000000100000000000,INIT_23=256'b01000000000000000100000000000000010000000000000001000000000000000100000000000000010000010100000000000000000000000000000001000000000000000100000000000000010000000000000001000000000000000100000000000000010000000000000001000000000000000100000000000,INIT_24=256'b0100000000000000010000000000000001000000000000000100000000000000010000000000000001000001010000000000000001000000000000000100000000000000010000000000000001000000000000000100000000000000010000000000000001000000000000000100000000000000010000000000000001000,INIT_25=256'b010000000000000001000000000000000100000000000000010000000000000001000000000000000100000000000000010000000000000001000000000000000100000000000000010000000000000001000000000000000100000101000000000000000000000001000000000000000100000000000,INIT_26=256'b01000000000000000100000000000000010000000000000001000000000000000100000101000000000000000
00000000100000000000000010000000000000001000000000000000100000000000000010000000000000001000000000000000100000000000000010000000000000001000000000000000100000101000,INIT_27=256'b01000000000000000100000000000000010000000000000001000000000000000100000000000000010000000000000001000000000000000100000000000000010000000000000001000000000000000000000001000001010000000000000000000000010000000000000001000000000000000100000000000,INIT_28=256'b1110011000001110010111100000000000001000000000000000100000000000000010000000000000001000000000000000100000000000000010000010100000000000000000000000000000001000000000000000100000000000000010000000000000001000000000000000100000000000000010000000000000001000,INIT_29=256'b0100000000000000010000000000000001000000000000000100000000000000010000000000000001000000000000000100000000000000010000010100000000000000000000000100000010010100011100000000000001000100100101110111000010010101100101110111010001110000000000000100011110010,INIT_2A=256'b01010000000000000000000000010000000000000001000000
0000000001000000000000000100000000000000010000000000000001000000000000000100000000000000010000000000000001000000000000000100000000000000010000000000000001000000000000000100000000000,INIT_2B=256'b0,INIT_2C=256'b0,INIT_2D=256'b0,INIT_2E=256'b0,INIT_2F=256'b0,INIT_30=256'b0,INIT_31=256'b0,INIT_32=256'b0,INIT_33=256'b0,INIT_34=256'b0,INIT_35=256'b0,INIT_36=256'b0,INIT_37=256'b0,INIT_38=256'b0,INIT_39=256'b0,INIT_3A=256'b0,INIT_3B=256'b0,INIT_3C=256'b0,INIT_3D=256'b0,INIT_3E=256'b0,INIT_3F=256'b0,INITP_00=256'b1110010100111101010011110101001101010010010101001111111011101011111111101011101011111010101011101010101011111111111110101101001001001010111001111010111101110101011101010110011010100100101010010101110110101010111010101010111111111010101010111111011111101010,INITP_01=256'b10101010101010101101010101010101010101010101010101010101101010101010101010101010101010101010101101010101010101010101010101010101011010101010101010101011101010101010101010101010101010101010101010101010101010110111111111111111111111111111111111
10110100011010,INITP_02=256'b0101010101010101010101110101010101010101010110101010101010101010110101010101010101010110101010101010101010110101010101010101001111010101010101010101010101010101101101010101010101010101010101011101010101010101010101010101010101011010101010101010101010101010,INITP_03=256'b1010101010101010101010101010101010101010101011110101010101010101010101010101010101101110101010101010101110101010101010101110101010101010101110101010101010111010101010101010101010101010101010101010101010101110101010101010101010101010101101010101010101010101,INITP_04=256'b1010101010101010101011011101010101010101011101010101010101010101110101010101010101010101011101010101010101011010101010101010101010101010101011110101010101010101010101010110111101010101010101010101010101010101011011101010101010101010101010111010101010101110,INITP_05=256'b0111010101010101010101010101010101010101010101110101010110010100010101010101011110101010101010,INITP_06=256'b0,INITP_07=256'b0>.

Elaborating module
<RAMB16BWER(DATA_WIDTH_A=9,DOA_REG=0,EN_RSTRAM_A="FALSE",INIT_A=32'b0,RST_PRIORITY_A="CE",SRVAL_A=32'b0,WRITE_MODE_A="WRITE_FIRST",DATA_WIDTH_B=9,DOB_REG=0,EN_RSTRAM_B="FALSE",INIT_B=32'b0,RST_PRIORITY_B="CE",SRVAL_B=32'b0,WRITE_MODE_B="WRITE_FIRST",RSTTYPE="SYNC",INIT_FILE="NONE",SIM_COLLISION_CHECK="ALL",SIM_DEVICE="SPARTAN6",INIT_00=256'b0,INIT_01=256'b0,INIT_02=256'b0,INIT_03=256'b0,INIT_04=256'b0,INIT_05=256'b0,INIT_06=256'b0,INIT_07=256'b0,INIT_08=256'b0,INIT_09=256'b0,INIT_0A=256'b0,INIT_0B=256'b0,INIT_0C=256'b0,INIT_0D=256'b0,INIT_0E=256'b0,INIT_0F=256'b0,INIT_10=256'b0,INIT_11=256'b0,INIT_12=256'b0,INIT_13=256'b0,INIT_14=256'b0,INIT_15=256'b0,INIT_16=256'b0,INIT_17=256'b0,INIT_18=256'b0,INIT_19=256'b0,INIT_1A=256'b0,INIT_1B=256'b0,INIT_1C=256'b0,INIT_1D=256'b0,INIT_1E=256'b0,INIT_1F=256'b0,INIT_20=256'b0,INIT_21=256'b0,INIT_22=256'b0,INIT_23=256'b0,INIT_24=256'b0,INIT_25=256'b0,INIT_26=256'b0,INIT_27=256'b0,INIT_28=256'b0,INIT_29=256'b0,INIT_2A=256'b0,INIT_2B=256'b0,INIT_2C=256'b0,INIT_2D=256'b0,INIT
_2E=256'b0,INIT_2F=256'b0,INIT_30=256'b0,INIT_31=256'b0,INIT_32=256'b0,INIT_33=256'b0,INIT_34=256'b0,INIT_35=256'b0,INIT_36=256'b0,INIT_37=256'b0,INIT_38=256'b0,INIT_39=256'b0,INIT_3A=256'b0,INIT_3B=256'b0,INIT_3C=256'b0,INIT_3D=256'b0,INIT_3E=256'b0,INIT_3F=256'b0,INITP_00=256'b0,INITP_01=256'b0,INITP_02=256'b0,INITP_03=256'b0,INITP_04=256'b0,INITP_05=256'b0,INITP_06=256'b0,INITP_07=256'b0)>.
WARNING:HDLCompiler:1127 - "/home/ise/Downloads/loopback.v" Line 90: Assignment to pb_int_ack ignored, since the identifier is never used

=========================================================================
*                           HDL Synthesis                               *
=========================================================================

Synthesizing Unit <loopback>.
    Related source file is "/home/ise/Downloads/loopback.v".
INFO:Xst:3210 - "/home/ise/Downloads/loopback.v" line 83: Output port <interrupt_ack> of the instance <CPU> is unconnected or connected to loadless signal.
    Found 1-bit register for signal <read_from_uart>.
    Found 8-bit register for signal <msg_num_out>.
    Found 8-bit register for signal <pb_in_port>.
    Found 8-bit register for signal <command_out>.
    Summary:
	inferred  25 D-type flip-flop(s).
Unit <loopback> synthesized.

Synthesizing Unit <led_driver_wrapper>.
    Related source file is "/home/ise/Downloads/verilog/led_driver.v".
    Found 8-bit register for signal <leds>.
    Summary:
	inferred   8 D-type flip-flop(s).
Unit <led_driver_wrapper> synthesized.

Synthesizing Unit <rs232_uart>.
    Related source file is "/home/ise/Downloads/rs232_uart.v".
        MAX_BAUD_COUNT = 650
INFO:Xst:3210 - "/home/ise/Downloads/rs232_uart.v" line 68: Output port <buffer_data_present> of the instance <transmitter> is unconnected or connected to loadless signal.
INFO:Xst:3210 - "/home/ise/Downloads/rs232_uart.v" line 68: Output port <buffer_half_full> of the instance <transmitter> is unconnected or connected to loadless signal.
INFO:Xst:3210 - "/home/ise/Downloads/rs232_uart.v" line 81: Output port <buffer_half_full> of the instance <receiver> is unconnected or connected to loadless signal.
INFO:Xst:3210 - "/home/ise/Downloads/rs232_uart.v" line 81: Output port <buffer_full> of the instance <receiver> is unconnected or connected to loadless signal.
    Found 10-bit register for signal <baud_count>.
    Found 1-bit register for signal <en_16_x_baud>.
    Found 10-bit adder for signal <baud_count[9]_GND_3_o_add_1_OUT> created at line 61.
    Summary:
	inferred   1 Adder/Subtractor(s).
	inferred  11 D-type flip-flop(s).
	inferred   1 Multiplexer(s).
Unit <rs232_uart> synthesized.

Synthesizing Unit <uart_tx6>.
    Related source file is "/home/ise/Downloads/verilog/uart_tx6.v".
    Set property "HBLKNM = UART_TX6_5" for instance <data_width_loop[0].storage_srl>.
    Set property "HBLKNM = UART_TX6_5" for instance <data_width_loop[0].storage_flop>.
    Set property "HBLKNM = UART_TX6_5" for instance <data_width_loop[1].storage_srl>.
    Set property "HBLKNM = UART_TX6_5" for instance <data_width_loop[1].storage_flop>.
    Set property "HBLKNM = UART_TX6_5" for instance <data_width_loop[2].storage_srl>.
    Set property "HBLKNM = UART_TX6_5" for instance <data_width_loop[2].storage_flop>.
    Set property "HBLKNM = UART_TX6_5" for instance <data_width_loop[3].storage_srl>.
    Set property "HBLKNM = UART_TX6_5" for instance <data_width_loop[3].storage_flop>.
    Set property "HBLKNM = UART_TX6_5" for instance <data_width_loop[4].storage_srl>.
    Set property "HBLKNM = UART_TX6_5" for instance <data_width_loop[4].storage_flop>.
    Set property "HBLKNM = UART_TX6_5" for instance <data_width_loop[5].storage_srl>.
    Set property "HBLKNM = UART_TX6_5" for instance <data_width_loop[5].storage_flop>.
    Set property "HBLKNM = UART_TX6_5" for instance <data_width_loop[6].storage_srl>.
    Set property "HBLKNM = UART_TX6_5" for instance <data_width_loop[6].storage_flop>.
    Set property "HBLKNM = UART_TX6_5" for instance <data_width_loop[7].storage_srl>.
    Set property "HBLKNM = UART_TX6_5" for instance <data_width_loop[7].storage_flop>.
    Set property "HBLKNM = UART_TX6_1" for instance <pointer3_lut>.
    Set property "HBLKNM = UART_TX6_1" for instance <pointer3_flop>.
    Set property "HBLKNM = UART_TX6_1" for instance <pointer2_lut>.
    Set property "HBLKNM = UART_TX6_1" for instance <pointer2_flop>.
    Set property "HBLKNM = UART_TX6_1" for instance <pointer01_lut>.
    Set property "HBLKNM = UART_TX6_1" for instance <pointer1_flop>.
    Set property "HBLKNM = UART_TX6_1" for instance <pointer0_flop>.
    Set property "HBLKNM = UART_TX6_1" for instance <data_present_lut>.
    Set property "HBLKNM = UART_TX6_1" for instance <data_present_flop>.
    Set property "HBLKNM = UART_TX6_4" for instance <full_lut>.
    Set property "HBLKNM = UART_TX6_4" for instance <lsb_data_lut>.
    Set property "HBLKNM = UART_TX6_4" for instance <msb_data_lut>.
    Set property "HBLKNM = UART_TX6_4" for instance <serial_lut>.
    Set property "HBLKNM = UART_TX6_4" for instance <serial_flop>.
    Set property "HBLKNM = UART_TX6_2" for instance <sm0_lut>.
    Set property "HBLKNM = UART_TX6_2" for instance <sm0_flop>.
    Set property "HBLKNM = UART_TX6_2" for instance <sm1_lut>.
    Set property "HBLKNM = UART_TX6_2" for instance <sm1_flop>.
    Set property "HBLKNM = UART_TX6_2" for instance <sm2_lut>.
    Set property "HBLKNM = UART_TX6_2" for instance <sm2_flop>.
    Set property "HBLKNM = UART_TX6_2" for instance <sm3_lut>.
    Set property "HBLKNM = UART_TX6_2" for instance <sm3_flop>.
    Set property "HBLKNM = UART_TX6_3" for instance <div01_lut>.
    Set property "HBLKNM = UART_TX6_3" for instance <div0_flop>.
    Set property "HBLKNM = UART_TX6_3" for instance <div1_flop>.
    Set property "HBLKNM = UART_TX6_3" for instance <div23_lut>.
    Set property "HBLKNM = UART_TX6_3" for instance <div2_flop>.
    Set property "HBLKNM = UART_TX6_3" for instance <div3_flop>.
    Set property "HBLKNM = UART_TX6_3" for instance <next_lut>.
    Set property "HBLKNM = UART_TX6_3" for instance <next_flop>.
    Set property "HBLKNM = UART_TX6_3" for instance <read_flop>.
    Summary:
	no macro.
Unit <uart_tx6> synthesized.

Synthesizing Unit <uart_rx6>.
    Related source file is "/home/ise/Downloads/verilog/uart_rx6.v".
    Set property "HBLKNM = UART_RX6_5" for instance <data_width_loop[0].storage_srl>.
    Set property "HBLKNM = UART_RX6_5" for instance <data_width_loop[1].storage_srl>.
    Set property "HBLKNM = UART_RX6_5" for instance <data_width_loop[2].storage_srl>.
    Set property "HBLKNM = UART_RX6_5" for instance <data_width_loop[3].storage_srl>.
    Set property "HBLKNM = UART_RX6_5" for instance <data_width_loop[4].storage_srl>.
    Set property "HBLKNM = UART_RX6_5" for instance <data_width_loop[5].storage_srl>.
    Set property "HBLKNM = UART_RX6_5" for instance <data_width_loop[6].storage_srl>.
    Set property "HBLKNM = UART_RX6_5" for instance <data_width_loop[7].storage_srl>.
    Set property "HBLKNM = UART_RX6_1" for instance <pointer3_lut>.
    Set property "HBLKNM = UART_RX6_1" for instance <pointer3_flop>.
    Set property "HBLKNM = UART_RX6_1" for instance <pointer2_lut>.
    Set property "HBLKNM = UART_RX6_1" for instance <pointer2_flop>.
    Set property "HBLKNM = UART_RX6_1" for instance <pointer01_lut>.
    Set property "HBLKNM = UART_RX6_1" for instance <pointer1_flop>.
    Set property "HBLKNM = UART_RX6_1" for instance <pointer0_flop>.
    Set property "HBLKNM = UART_RX6_1" for instance <data_present_lut>.
    Set property "HBLKNM = UART_RX6_1" for instance <data_present_flop>.
    Set property "HBLKNM = UART_RX6_3" for instance <full_lut>.
    Set property "HBLKNM = UART_RX6_4" for instance <sample_lut>.
    Set property "HBLKNM = UART_RX6_4" for instance <sample_flop>.
    Set property "HBLKNM = UART_RX6_4" for instance <sample_dly_flop>.
    Set property "HBLKNM = UART_RX6_4" for instance <stop_bit_lut>.
    Set property "HBLKNM = UART_RX6_4" for instance <buffer_write_flop>.
    Set property "HBLKNM = UART_RX6_4" for instance <stop_bit_flop>.
    Set property "HBLKNM = UART_RX6_2" for instance <data01_lut>.
    Set property "HBLKNM = UART_RX6_2" for instance <data0_flop>.
    Set property "HBLKNM = UART_RX6_2" for instance <data1_flop>.
    Set property "HBLKNM = UART_RX6_2" for instance <data23_lut>.
    Set property "HBLKNM = UART_RX6_2" for instance <data2_flop>.
    Set property "HBLKNM = UART_RX6_2" for instance <data3_flop>.
    Set property "HBLKNM = UART_RX6_2" for instance <data45_lut>.
    Set property "HBLKNM = UART_RX6_2" for instance <data4_flop>.
    Set property "HBLKNM = UART_RX6_2" for instance <data5_flop>.
    Set property "HBLKNM = UART_RX6_2" for instance <data67_lut>.
    Set property "HBLKNM = UART_RX6_2" for instance <data6_flop>.
    Set property "HBLKNM = UART_RX6_2" for instance <data7_flop>.
    Set property "HBLKNM = UART_RX6_4" for instance <run_lut>.
    Set property "HBLKNM = UART_RX6_4" for instance <run_flop>.
    Set property "HBLKNM = UART_RX6_4" for instance <start_bit_lut>.
    Set property "HBLKNM = UART_RX6_4" for instance <start_bit_flop>.
    Set property "HBLKNM = UART_RX6_3" for instance <div01_lut>.
    Set property "HBLKNM = UART_RX6_3" for instance <div0_flop>.
    Set property "HBLKNM = UART_RX6_3" for instance <div1_flop>.
    Set property "HBLKNM = UART_RX6_3" for instance <div23_lut>.
    Set property "HBLKNM = UART_RX6_3" for instance <div2_flop>.
    Set property "HBLKNM = UART_RX6_3" for instance <div3_flop>.
    Set property "HBLKNM = UART_RX6_3" for instance <sample_input_lut>.
    Set property "HBLKNM = UART_RX6_3" for instance <sample_input_flop>.
    Summary:
	no macro.
Unit <uart_rx6> synthesized.

Synthesizing Unit <picoblaze>.
    Related source file is "/home/ise/Downloads/picoblaze.v".
INFO:Xst:3210 - "/home/ise/Downloads/picoblaze.v" line 61: Output port <k_write_strobe> of the instance <pblaze_cpu> is unconnected or connected to loadless signal.
    Summary:
	no macro.
Unit <picoblaze> synthesized.

Synthesizing Unit <kcpsm6>.
    Related source file is "/home/ise/Downloads/verilog/kcpsm6.v".
        hwbuild = 8'b00000000
        interrupt_vector = 12'b001111111111
        scratch_pad_memory_size = 64
    Set property "HBLKNM = KCPSM6_CONTROL" for instance <reset_lut>.
    Set property "HBLKNM = KCPSM6_CONTROL" for instance <run_flop>.
    Set property "HBLKNM = KCPSM6_CONTROL" for instance <internal_reset_flop>.
    Set property "HBLKNM = KCPSM6_DECODE2" for instance <sync_sleep_flop>.
    Set property "HBLKNM = KCPSM6_CONTROL" for instance <t_state_lut>.
    Set property "HBLKNM = KCPSM6_CONTROL" for instance <t_state1_flop>.
    Set property "HBLKNM = KCPSM6_CONTROL" for instance <t_state2_flop>.
    Set property "HBLKNM = KCPSM6_DECODE0" for instance <int_enable_type_lut>.
    Set property "HBLKNM = KCPSM6_DECODE0" for instance <interrupt_enable_lut>.
    Set property "HBLKNM = KCPSM6_DECODE0" for instance <interrupt_enable_flop>.
    Set property "HBLKNM = KCPSM6_DECODE2" for instance <sync_interrupt_flop>.
    Set property "HBLKNM = KCPSM6_CONTROL" for instance <active_interrupt_lut>.
    Set property "HBLKNM = KCPSM6_CONTROL" for instance <active_interrupt_flop>.
    Set property "HBLKNM = KCPSM6_DECODE1" for instance <interrupt_ack_flop>.
    Set property "HBLKNM = KCPSM6_DECODE0" for instance <pc_move_is_valid_lut>.
    Set property "HBLKNM = KCPSM6_DECODE0" for instance <move_type_lut>.
    Set property "HBLKNM = KCPSM6_VECTOR1" for instance <pc_mode1_lut>.
    Set property "HBLKNM = KCPSM6_VECTOR1" for instance <pc_mode2_lut>.
    Set property "HBLKNM = KCPSM6_STACK1" for instance <push_pop_lut>.
    Set property "HBLKNM = KCPSM6_DECODE2" for instance <alu_decode0_lut>.
    Set property "HBLKNM = KCPSM6_DECODE2" for instance <alu_mux_sel0_flop>.
    Set property "HBLKNM = KCPSM6_DECODE1" for instance <alu_decode1_lut>.
    Set property "HBLKNM = KCPSM6_DECODE1" for instance <alu_mux_sel1_flop>.
    Set property "HBLKNM = KCPSM6_DECODE2" for instance <alu_decode2_lut>.
    Set property "HBLKNM = KCPSM6_STROBES" for instance <register_enable_type_lut>.
    Set property "HBLKNM = KCPSM6_STROBES" for instance <register_enable_lut>.
    Set property "HBLKNM = KCPSM6_STROBES" for instance <flag_enable_flop>.
    Set property "HBLKNM = KCPSM6_STROBES" for instance <register_enable_flop>.
    Set property "HBLKNM = KCPSM6_STROBES" for instance <spm_enable_lut>.
    Set property "HBLKNM = KCPSM6_STROBES" for instance <k_write_strobe_flop>.
    Set property "HBLKNM = KCPSM6_STROBES" for instance <spm_enable_flop>.
    Set property "HBLKNM = KCPSM6_STROBES" for instance <read_strobe_lut>.
    Set property "HBLKNM = KCPSM6_STROBES" for instance <write_strobe_flop>.
    Set property "HBLKNM = KCPSM6_STROBES" for instance <read_strobe_flop>.
    Set property "HBLKNM = KCPSM6_STACK1" for instance <regbank_type_lut>.
    Set property "HBLKNM = KCPSM6_STACK1" for instance <bank_lut>.
    Set property "HBLKNM = KCPSM6_STACK1" for instance <bank_flop>.
    Set property "HBLKNM = KCPSM6_CONTROL" for instance <sx_addr4_flop>.
    Set property "HBLKNM = KCPSM6_CONTROL" for instance <arith_carry_xorcy>.
    Set property "HBLKNM = KCPSM6_CONTROL" for instance <arith_carry_flop>.
    Set property "HBLKNM = KCPSM6_DECODE2" for instance <lower_parity_lut>.
    Set property "HBLKNM = KCPSM6_DECODE2" for instance <parity_muxcy>.
    Set property "HBLKNM = KCPSM6_DECODE2" for instance <upper_parity_lut>.
    Set property "HBLKNM = KCPSM6_DECODE2" for instance <parity_xorcy>.
    Set property "HBLKNM = KCPSM6_DECODE1" for instance <shift_carry_lut>.
    Set property "HBLKNM = KCPSM6_DECODE1" for instance <shift_carry_flop>.
    Set property "HBLKNM = KCPSM6_FLAGS" for instance <carry_flag_lut>.
    Set property "HBLKNM = KCPSM6_FLAGS" for instance <carry_flag_flop>.
    Set property "HBLKNM = KCPSM6_FLAGS" for instance <init_zero_muxcy>.
    Set property "HBLKNM = KCPSM6_DECODE1" for instance <use_zero_flag_lut>.
    Set property "HBLKNM = KCPSM6_DECODE1" for instance <use_zero_flag_flop>.
    Set property "HBLKNM = KCPSM6_FLAGS" for instance <lower_zero_lut>.
    Set property "HBLKNM = KCPSM6_FLAGS" for instance <lower_zero_muxcy>.
    Set property "HBLKNM = KCPSM6_FLAGS" for instance <middle_zero_lut>.
    Set property "HBLKNM = KCPSM6_FLAGS" for instance <middle_zero_muxcy>.
    Set property "HBLKNM = KCPSM6_FLAGS" for instance <upper_zero_lut>.
    Set property "HBLKNM = KCPSM6_FLAGS" for instance <upper_zero_muxcy>.
    Set property "HBLKNM = KCPSM6_FLAGS" for instance <zero_flag_flop>.
    Set property "HBLKNM = KCPSM6_STACK_RAM0" for instance <address_loop[0].return_vector_flop>.
    Set property "HBLKNM = KCPSM6_VECTOR0" for instance <address_loop[0].output_data.pc_vector_mux_lut>.
    Set property "HBLKNM = KCPSM6_PC0" for instance <address_loop[0].pc_flop>.
    Set property "HBLKNM = KCPSM6_PC0" for instance <address_loop[0].lsb_pc.high_int_vector.pc_lut>.
    Set property "HBLKNM = KCPSM6_PC0" for instance <address_loop[0].lsb_pc.pc_xorcy>.
    Set property "HBLKNM = KCPSM6_PC0" for instance <address_loop[0].lsb_pc.pc_muxcy>.
    Set property "HBLKNM = KCPSM6_STACK_RAM0" for instance <address_loop[1].return_vector_flop>.
    Set property "HBLKNM = KCPSM6_PC0" for instance <address_loop[1].pc_flop>.
    Set property "HBLKNM = KCPSM6_PC0" for instance <address_loop[1].upper_pc.high_int_vector.pc_lut>.
    Set property "HBLKNM = KCPSM6_PC0" for instance <address_loop[1].upper_pc.pc_xorcy>.
    Set property "HBLKNM = KCPSM6_PC0" for instance <address_loop[1].upper_pc.mid_pc.pc_muxcy>.
    Set property "HBLKNM = KCPSM6_STACK_RAM0" for instance <address_loop[2].return_vector_flop>.
    Set property "HBLKNM = KCPSM6_VECTOR0" for instance <address_loop[2].output_data.pc_vector_mux_lut>.
    Set property "HBLKNM = KCPSM6_PC0" for instance <address_loop[2].pc_flop>.
    Set property "HBLKNM = KCPSM6_PC0" for instance <address_loop[2].upper_pc.high_int_vector.pc_lut>.
    Set property "HBLKNM = KCPSM6_PC0" for instance <address_loop[2].upper_pc.pc_xorcy>.
    Set property "HBLKNM = KCPSM6_PC0" for instance <address_loop[2].upper_pc.mid_pc.pc_muxcy>.
    Set property "HBLKNM = KCPSM6_STACK_RAM0" for instance <address_loop[3].return_vector_flop>.
    Set property "HBLKNM = KCPSM6_PC0" for instance <address_loop[3].pc_flop>.
    Set property "HBLKNM = KCPSM6_PC0" for instance <address_loop[3].upper_pc.high_int_vector.pc_lut>.
    Set property "HBLKNM = KCPSM6_PC0" for instance <address_loop[3].upper_pc.pc_xorcy>.
    Set property "HBLKNM = KCPSM6_PC0" for instance <address_loop[3].upper_pc.mid_pc.pc_muxcy>.
    Set property "HBLKNM = KCPSM6_STACK_RAM1" for instance <address_loop[4].return_vector_flop>.
    Set property "HBLKNM = KCPSM6_VECTOR0" for instance <address_loop[4].output_data.pc_vector_mux_lut>.
    Set property "HBLKNM = KCPSM6_PC1" for instance <address_loop[4].pc_flop>.
    Set property "HBLKNM = KCPSM6_PC1" for instance <address_loop[4].upper_pc.high_int_vector.pc_lut>.
    Set property "HBLKNM = KCPSM6_PC1" for instance <address_loop[4].upper_pc.pc_xorcy>.
    Set property "HBLKNM = KCPSM6_PC1" for instance <address_loop[4].upper_pc.mid_pc.pc_muxcy>.
    Set property "HBLKNM = KCPSM6_STACK_RAM1" for instance <address_loop[5].return_vector_flop>.
    Set property "HBLKNM = KCPSM6_PC1" for instance <address_loop[5].pc_flop>.
    Set property "HBLKNM = KCPSM6_PC1" for instance <address_loop[5].upper_pc.high_int_vector.pc_lut>.
    Set property "HBLKNM = KCPSM6_PC1" for instance <address_loop[5].upper_pc.pc_xorcy>.
    Set property "HBLKNM = KCPSM6_PC1" for instance <address_loop[5].upper_pc.mid_pc.pc_muxcy>.
    Set property "HBLKNM = KCPSM6_STACK_RAM1" for instance <address_loop[6].return_vector_flop>.
    Set property "HBLKNM = KCPSM6_VECTOR0" for instance <address_loop[6].output_data.pc_vector_mux_lut>.
    Set property "HBLKNM = KCPSM6_PC1" for instance <address_loop[6].pc_flop>.
    Set property "HBLKNM = KCPSM6_PC1" for instance <address_loop[6].upper_pc.high_int_vector.pc_lut>.
    Set property "HBLKNM = KCPSM6_PC1" for instance <address_loop[6].upper_pc.pc_xorcy>.
    Set property "HBLKNM = KCPSM6_PC1" for instance <address_loop[6].upper_pc.mid_pc.pc_muxcy>.
    Set property "HBLKNM = KCPSM6_STACK_RAM1" for instance <address_loop[7].return_vector_flop>.
    Set property "HBLKNM = KCPSM6_PC1" for instance <address_loop[7].pc_flop>.
    Set property "HBLKNM = KCPSM6_PC1" for instance <address_loop[7].upper_pc.high_int_vector.pc_lut>.
    Set property "HBLKNM = KCPSM6_PC1" for instance <address_loop[7].upper_pc.pc_xorcy>.
    Set property "HBLKNM = KCPSM6_PC1" for instance <address_loop[7].upper_pc.mid_pc.pc_muxcy>.
    Set property "HBLKNM = KCPSM6_STACK_RAM1" for instance <address_loop[8].return_vector_flop>.
    Set property "HBLKNM = KCPSM6_VECTOR1" for instance <address_loop[8].output_data.pc_vector_mux_lut>.
    Set property "HBLKNM = KCPSM6_PC2" for instance <address_loop[8].pc_flop>.
    Set property "HBLKNM = KCPSM6_PC2" for instance <address_loop[8].upper_pc.high_int_vector.pc_lut>.
    Set property "HBLKNM = KCPSM6_PC2" for instance <address_loop[8].upper_pc.pc_xorcy>.
    Set property "HBLKNM = KCPSM6_PC2" for instance <address_loop[8].upper_pc.mid_pc.pc_muxcy>.
    Set property "HBLKNM = KCPSM6_STACK_RAM1" for instance <address_loop[9].return_vector_flop>.
    Set property "HBLKNM = KCPSM6_PC2" for instance <address_loop[9].pc_flop>.
    Set property "HBLKNM = KCPSM6_PC2" for instance <address_loop[9].upper_pc.high_int_vector.pc_lut>.
    Set property "HBLKNM = KCPSM6_PC2" for instance <address_loop[9].upper_pc.pc_xorcy>.
    Set property "HBLKNM = KCPSM6_PC2" for instance <address_loop[9].upper_pc.mid_pc.pc_muxcy>.
    Set property "HBLKNM = KCPSM6_STACK_RAM1" for instance <address_loop[10].return_vector_flop>.
    Set property "HBLKNM = KCPSM6_VECTOR1" for instance <address_loop[10].output_data.pc_vector_mux_lut>.
    Set property "HBLKNM = KCPSM6_PC2" for instance <address_loop[10].pc_flop>.
    Set property "HBLKNM = KCPSM6_PC2" for instance <address_loop[10].upper_pc.low_int_vector.pc_lut>.
    Set property "HBLKNM = KCPSM6_PC2" for instance <address_loop[10].upper_pc.pc_xorcy>.
    Set property "HBLKNM = KCPSM6_PC2" for instance <address_loop[10].upper_pc.mid_pc.pc_muxcy>.
    Set property "HBLKNM = KCPSM6_STACK_RAM1" for instance <address_loop[11].return_vector_flop>.
    Set property "HBLKNM = KCPSM6_PC2" for instance <address_loop[11].pc_flop>.
    Set property "HBLKNM = KCPSM6_PC2" for instance <address_loop[11].upper_pc.low_int_vector.pc_lut>.
    Set property "HBLKNM = KCPSM6_PC2" for instance <address_loop[11].upper_pc.pc_xorcy>.
    Set property "HBLKNM = KCPSM6_STACK_RAM0" for instance <shadow_carry_flag_flop>.
    Set property "HBLKNM = KCPSM6_STACK_RAM0" for instance <stack_zero_flop>.
    Set property "HBLKNM = KCPSM6_DECODE1" for instance <shadow_zero_flag_flop>.
    Set property "HBLKNM = KCPSM6_STACK_RAM0" for instance <shadow_bank_flop>.
    Set property "HBLKNM = KCPSM6_STACK_RAM0" for instance <stack_bit_flop>.
    Set property "HBLKNM = KCPSM6_STACK_RAM0" for instance <stack_ram_low>.
    Set property "HBLKNM = KCPSM6_STACK_RAM1" for instance <stack_ram_high>.
    Set property "HBLKNM = KCPSM6_STACK0" for instance <stack_loop[0].lsb_stack.pointer_flop>.
    Set property "HBLKNM = KCPSM6_STACK0" for instance <stack_loop[0].lsb_stack.stack_pointer_lut>.
    Set property "HBLKNM = KCPSM6_STACK0" for instance <stack_loop[0].lsb_stack.stack_xorcy>.
    Set property "HBLKNM = KCPSM6_STACK0" for instance <stack_loop[0].lsb_stack.stack_muxcy>.
    Set property "HBLKNM = KCPSM6_STACK0" for instance <stack_loop[1].upper_stack.pointer_flop>.
    Set property "HBLKNM = KCPSM6_STACK0" for instance <stack_loop[1].upper_stack.stack_pointer_lut>.
    Set property "HBLKNM = KCPSM6_STACK0" for instance <stack_loop[1].upper_stack.stack_xorcy>.
    Set property "HBLKNM = KCPSM6_STACK0" for instance <stack_loop[1].upper_stack.stack_muxcy>.
    Set property "HBLKNM = KCPSM6_STACK0" for instance <stack_loop[2].upper_stack.pointer_flop>.
    Set property "HBLKNM = KCPSM6_STACK0" for instance <stack_loop[2].upper_stack.stack_pointer_lut>.
    Set property "HBLKNM = KCPSM6_STACK0" for instance <stack_loop[2].upper_stack.stack_xorcy>.
    Set property "HBLKNM = KCPSM6_STACK0" for instance <stack_loop[2].upper_stack.stack_muxcy>.
    Set property "HBLKNM = KCPSM6_STACK0" for instance <stack_loop[3].upper_stack.pointer_flop>.
    Set property "HBLKNM = KCPSM6_STACK0" for instance <stack_loop[3].upper_stack.stack_pointer_lut>.
    Set property "HBLKNM = KCPSM6_STACK0" for instance <stack_loop[3].upper_stack.stack_xorcy>.
    Set property "HBLKNM = KCPSM6_STACK0" for instance <stack_loop[3].upper_stack.stack_muxcy>.
    Set property "HBLKNM = KCPSM6_STACK1" for instance <stack_loop[4].upper_stack.pointer_flop>.
    Set property "HBLKNM = KCPSM6_STACK1" for instance <stack_loop[4].upper_stack.stack_pointer_lut>.
    Set property "HBLKNM = KCPSM6_STACK1" for instance <stack_loop[4].upper_stack.stack_xorcy>.
    Set property "HBLKNM = KCPSM6_STACK1" for instance <stack_loop[4].upper_stack.stack_muxcy>.
    Set property "HBLKNM = KCPSM6_PORT_ID" for instance <data_path_loop[0].output_data.sy_kk_mux_lut>.
    Set property "HBLKNM = KCPSM6_OUT_PORT" for instance <data_path_loop[0].second_operand.out_port_lut>.
    Set property "HBLKNM = KCPSM6_ADD0" for instance <data_path_loop[0].arith_logical_lut>.
    Set property "HBLKNM = KCPSM6_ADD0" for instance <data_path_loop[0].arith_logical_flop>.
    Set property "HBLKNM = KCPSM6_ADD0" for instance <data_path_loop[0].lsb_arith_logical.arith_logical_muxcy>.
    Set property "HBLKNM = KCPSM6_ADD0" for instance <data_path_loop[0].lsb_arith_logical.arith_logical_xorcy>.
    Set property "HBLKNM = KCPSM6_SANDR" for instance <data_path_loop[0].low_hwbuild.shift_rotate_flop>.
    Set property "HBLKNM = KCPSM6_DECODE1" for instance <data_path_loop[0].lsb_shift_rotate.shift_bit_lut>.
    Set property "HBLKNM = KCPSM6_SANDR" for instance <data_path_loop[0].lsb_shift_rotate.shift_rotate_lut>.
    Set property "HBLKNM = KCPSM6_ALU0" for instance <data_path_loop[0].alu_mux_lut>.
    Set property "HBLKNM = KCPSM6_SPM0" for instance <data_path_loop[0].small_spm.spm_flop>.
    Set property "HBLKNM = KCPSM6_ADD0" for instance <data_path_loop[1].arith_logical_lut>.
    Set property "HBLKNM = KCPSM6_ADD0" for instance <data_path_loop[1].arith_logical_flop>.
    Set property "HBLKNM = KCPSM6_ADD0" for instance <data_path_loop[1].upper_arith_logical.arith_logical_muxcy>.
    Set property "HBLKNM = KCPSM6_ADD0" for instance <data_path_loop[1].upper_arith_logical.arith_logical_xorcy>.
    Set property "HBLKNM = KCPSM6_SANDR" for instance <data_path_loop[1].low_hwbuild.shift_rotate_flop>.
    Set property "HBLKNM = KCPSM6_ALU0" for instance <data_path_loop[1].alu_mux_lut>.
    Set property "HBLKNM = KCPSM6_SPM0" for instance <data_path_loop[1].small_spm.spm_flop>.
    Set property "HBLKNM = KCPSM6_PORT_ID" for instance <data_path_loop[2].output_data.sy_kk_mux_lut>.
    Set property "HBLKNM = KCPSM6_OUT_PORT" for instance <data_path_loop[2].second_operand.out_port_lut>.
    Set property "HBLKNM = KCPSM6_ADD0" for instance <data_path_loop[2].arith_logical_lut>.
    Set property "HBLKNM = KCPSM6_ADD0" for instance <data_path_loop[2].arith_logical_flop>.
    Set property "HBLKNM = KCPSM6_ADD0" for instance <data_path_loop[2].upper_arith_logical.arith_logical_muxcy>.
    Set property "HBLKNM = KCPSM6_ADD0" for instance <data_path_loop[2].upper_arith_logical.arith_logical_xorcy>.
    Set property "HBLKNM = KCPSM6_SANDR" for instance <data_path_loop[2].low_hwbuild.shift_rotate_flop>.
    Set property "HBLKNM = KCPSM6_SANDR" for instance <data_path_loop[2].mid_shift_rotate.shift_rotate_lut>.
    Set property "HBLKNM = KCPSM6_ALU0" for instance <data_path_loop[2].alu_mux_lut>.
    Set property "HBLKNM = KCPSM6_SPM0" for instance <data_path_loop[2].small_spm.spm_flop>.
    Set property "HBLKNM = KCPSM6_ADD0" for instance <data_path_loop[3].arith_logical_lut>.
    Set property "HBLKNM = KCPSM6_ADD0" for instance <data_path_loop[3].arith_logical_flop>.
    Set property "HBLKNM = KCPSM6_ADD0" for instance <data_path_loop[3].upper_arith_logical.arith_logical_muxcy>.
    Set property "HBLKNM = KCPSM6_ADD0" for instance <data_path_loop[3].upper_arith_logical.arith_logical_xorcy>.
    Set property "HBLKNM = KCPSM6_SANDR" for instance <data_path_loop[3].low_hwbuild.shift_rotate_flop>.
    Set property "HBLKNM = KCPSM6_ALU0" for instance <data_path_loop[3].alu_mux_lut>.
    Set property "HBLKNM = KCPSM6_SPM0" for instance <data_path_loop[3].small_spm.spm_flop>.
    Set property "HBLKNM = KCPSM6_PORT_ID" for instance <data_path_loop[4].output_data.sy_kk_mux_lut>.
    Set property "HBLKNM = KCPSM6_OUT_PORT" for instance <data_path_loop[4].second_operand.out_port_lut>.
    Set property "HBLKNM = KCPSM6_ADD1" for instance <data_path_loop[4].arith_logical_lut>.
    Set property "HBLKNM = KCPSM6_ADD1" for instance <data_path_loop[4].arith_logical_flop>.
    Set property "HBLKNM = KCPSM6_ADD1" for instance <data_path_loop[4].upper_arith_logical.arith_logical_muxcy>.
    Set property "HBLKNM = KCPSM6_ADD1" for instance <data_path_loop[4].upper_arith_logical.arith_logical_xorcy>.
    Set property "HBLKNM = KCPSM6_SANDR" for instance <data_path_loop[4].low_hwbuild.shift_rotate_flop>.
    Set property "HBLKNM = KCPSM6_SANDR" for instance <data_path_loop[4].mid_shift_rotate.shift_rotate_lut>.
    Set property "HBLKNM = KCPSM6_ALU1" for instance <data_path_loop[4].alu_mux_lut>.
    Set property "HBLKNM = KCPSM6_SPM1" for instance <data_path_loop[4].small_spm.spm_flop>.
    Set property "HBLKNM = KCPSM6_ADD1" for instance <data_path_loop[5].arith_logical_lut>.
    Set property "HBLKNM = KCPSM6_ADD1" for instance <data_path_loop[5].arith_logical_flop>.
    Set property "HBLKNM = KCPSM6_ADD1" for instance <data_path_loop[5].upper_arith_logical.arith_logical_muxcy>.
    Set property "HBLKNM = KCPSM6_ADD1" for instance <data_path_loop[5].upper_arith_logical.arith_logical_xorcy>.
    Set property "HBLKNM = KCPSM6_SANDR" for instance <data_path_loop[5].low_hwbuild.shift_rotate_flop>.
    Set property "HBLKNM = KCPSM6_ALU1" for instance <data_path_loop[5].alu_mux_lut>.
    Set property "HBLKNM = KCPSM6_SPM1" for instance <data_path_loop[5].small_spm.spm_flop>.
    Set property "HBLKNM = KCPSM6_PORT_ID" for instance <data_path_loop[6].output_data.sy_kk_mux_lut>.
    Set property "HBLKNM = KCPSM6_OUT_PORT" for instance <data_path_loop[6].second_operand.out_port_lut>.
    Set property "HBLKNM = KCPSM6_ADD1" for instance <data_path_loop[6].arith_logical_lut>.
    Set property "HBLKNM = KCPSM6_ADD1" for instance <data_path_loop[6].arith_logical_flop>.
    Set property "HBLKNM = KCPSM6_ADD1" for instance <data_path_loop[6].upper_arith_logical.arith_logical_muxcy>.
    Set property "HBLKNM = KCPSM6_ADD1" for instance <data_path_loop[6].upper_arith_logical.arith_logical_xorcy>.
    Set property "HBLKNM = KCPSM6_SANDR" for instance <data_path_loop[6].low_hwbuild.shift_rotate_flop>.
    Set property "HBLKNM = KCPSM6_SANDR" for instance <data_path_loop[6].msb_shift_rotate.shift_rotate_lut>.
    Set property "HBLKNM = KCPSM6_ALU1" for instance <data_path_loop[6].alu_mux_lut>.
    Set property "HBLKNM = KCPSM6_SPM1" for instance <data_path_loop[6].small_spm.spm_flop>.
    Set property "HBLKNM = KCPSM6_ADD1" for instance <data_path_loop[7].arith_logical_lut>.
    Set property "HBLKNM = KCPSM6_ADD1" for instance <data_path_loop[7].arith_logical_flop>.
    Set property "HBLKNM = KCPSM6_ADD1" for instance <data_path_loop[7].upper_arith_logical.arith_logical_muxcy>.
    Set property "HBLKNM = KCPSM6_ADD1" for instance <data_path_loop[7].upper_arith_logical.arith_logical_xorcy>.
    Set property "HBLKNM = KCPSM6_SANDR" for instance <data_path_loop[7].low_hwbuild.shift_rotate_flop>.
    Set property "HBLKNM = KCPSM6_ALU1" for instance <data_path_loop[7].alu_mux_lut>.
    Set property "HBLKNM = KCPSM6_SPM1" for instance <data_path_loop[7].small_spm.spm_flop>.
    Set property "HBLKNM = KCPSM6_REG0" for instance <lower_reg_banks>.
    Set property "HBLKNM = KCPSM6_REG1" for instance <upper_reg_banks>.
    Summary:
	no macro.
Unit <kcpsm6> synthesized.

Synthesizing Unit <final_project_complete>.
    Related source file is "/home/ise/Downloads/picoblaze/final_project_complete.v".
    Summary:
	no macro.
Unit <final_project_complete> synthesized.

=========================================================================
HDL Synthesis Report

Macro Statistics
# Adders/Subtractors                                   : 1
 10-bit adder                                          : 1
# Registers                                            : 7
 1-bit register                                        : 2
 10-bit register                                       : 1
 8-bit register                                        : 4
# Multiplexers                                         : 1
 10-bit 2-to-1 multiplexer                             : 1

=========================================================================

=========================================================================
*                       Advanced HDL Synthesis                          *
=========================================================================


Synthesizing (advanced) Unit <rs232_uart>.
The following registers are absorbed into counter <baud_count>: 1 register on signal <baud_count>.
Unit <rs232_uart> synthesized (advanced).

=========================================================================
Advanced HDL Synthesis Report

Macro Statistics
# Counters                                             : 1
 10-bit up counter                                     : 1
# Registers                                            : 165
 Flip-Flops                                            : 165

=========================================================================

=========================================================================
*                         Low Level Synthesis                           *
=========================================================================

Optimizing unit <uart_tx6> ...

Optimizing unit <uart_rx6> ...

Optimizing unit <led_driver_wrapper> ...

Optimizing unit <kcpsm6> ...

Optimizing unit <final_project_complete> ...

Optimizing unit <loopback> ...
WARNING:Xst:1293 - FF/Latch <CPU/pblaze_cpu/sync_interrupt_flop> has a constant value of 0 in block <loopback>. This FF/Latch will be trimmed during the optimization process.
WARNING:Xst:1896 - Due to other FF/Latch trimming, FF/Latch <CPU/pblaze_cpu/sync_sleep_flop> has a constant value of 0 in block <loopback>. This FF/Latch will be trimmed during the optimization process.
WARNING:Xst:1293 - FF/Latch <CPU/pblaze_cpu/sync_interrupt_flop> has a constant value of 0 in block <loopback>. This FF/Latch will be trimmed during the optimization process.
WARNING:Xst:1896 - Due to other FF/Latch trimming, FF/Latch <CPU/pblaze_cpu/sync_sleep_flop> has a constant value of 0 in block <loopback>. This FF/Latch will be trimmed during the optimization process.
WARNING:Xst:1293 - FF/Latch <CPU/pblaze_cpu/sync_interrupt_flop> has a constant value of 0 in block <loopback>. This FF/Latch will be trimmed during the optimization process.
WARNING:Xst:1293 - FF/Latch <CPU/pblaze_cpu/sync_sleep_flop> has a constant value of 0 in block <loopback>. This FF/Latch will be trimmed during the optimization process.

Mapping all equations...
WARNING:Xst:1293 - FF/Latch <CPU/pblaze_cpu/sync_interrupt_flop> has a constant value of 0 in block <loopback>. This FF/Latch will be trimmed during the optimization process.
WARNING:Xst:1293 - FF/Latch <CPU/pblaze_cpu/sync_sleep_flop> has a constant value of 0 in block <loopback>. This FF/Latch will be trimmed during the optimization process.
WARNING:Xst:1293 - FF/Latch <CPU/pblaze_cpu/sync_interrupt_flop> has a constant value of 0 in block <loopback>. This FF/Latch will be trimmed during the optimization process.
WARNING:Xst:1896 - Due to other FF/Latch trimming, FF/Latch <CPU/pblaze_cpu/sync_sleep_flop> has a constant value of 0 in block <loopback>. This FF/Latch will be trimmed during the optimization process.
WARNING:Xst:1293 - FF/Latch <CPU/pblaze_cpu/sync_interrupt_flop> has a constant value of 0 in block <loopback>. This FF/Latch will be trimmed during the optimization process.
WARNING:Xst:1293 - FF/Latch <CPU/pblaze_cpu/sync_sleep_flop> has a constant value of 0 in block <loopback>. This FF/Latch will be trimmed during the optimization process.
Building and optimizing final netlist ...
Found area constraint ratio of 100 (+ 5) on block loopback, actual ratio is 0.
INFO:Xst:2260 - The FF/Latch <CPU/pblaze_cpu/sync_interrupt_flop> in Unit <loopback> is equivalent to the following FF/Latch : <CPU/pblaze_cpu/sync_sleep_flop> 
WARNING:Xst:1293 - FF/Latch <CPU/pblaze_cpu/sync_interrupt_flop> has a constant value of 0 in block <loopback>. This FF/Latch will be trimmed during the optimization process.
WARNING:Xst:1293 - FF/Latch <CPU/pblaze_cpu/sync_sleep_flop> has a constant value of 0 in block <loopback>. This FF/Latch will be trimmed during the optimization process.
WARNING:Xst:1293 - FF/Latch <CPU/pblaze_cpu/sync_interrupt_flop> has a constant value of 0 in block <loopback>. This FF/Latch will be trimmed during the optimization process.
WARNING:Xst:1293 - FF/Latch <CPU/pblaze_cpu/sync_sleep_flop> has a constant value of 0 in block <loopback>. This FF/Latch will be trimmed during the optimization process.
WARNING:Xst:1293 - FF/Latch <CPU/pblaze_cpu/sync_interrupt_flop> has a constant value of 0 in block <loopback>. This FF/Latch will be trimmed during the optimization process.
WARNING:Xst:1293 - FF/Latch <CPU/pblaze_cpu/sync_sleep_flop> has a constant value of 0 in block <loopback>. This FF/Latch will be trimmed during the optimization process.

Final Macro Processing ...

=========================================================================
Final Register Report

Macro Statistics
# Registers                                            : 175
 Flip-Flops                                            : 175

=========================================================================
WARNING:Xst:1293 - FF/Latch <CPU/pblaze_cpu/sync_interrupt_flop> has a constant value of 0 in block <loopback>. This FF/Latch will be trimmed during the optimization process.
WARNING:Xst:1293 - FF/Latch <CPU/pblaze_cpu/sync_sleep_flop> has a constant value of 0 in block <loopback>. This FF/Latch will be trimmed during the optimization process.
WARNING:Xst:1293 - FF/Latch <CPU/pblaze_cpu/sync_interrupt_flop> has a constant value of 0 in block <loopback>. This FF/Latch will be trimmed during the optimization process.
WARNING:Xst:1293 - FF/Latch <CPU/pblaze_cpu/sync_sleep_flop> has a constant value of 0 in block <loopback>. This FF/Latch will be trimmed during the optimization process.

=========================================================================
*                           Partition Report                            *
=========================================================================

Partition Implementation Status
-------------------------------

  No Partitions were found in this design.

-------------------------------

=========================================================================
*                            Design Summary                             *
=========================================================================

Top Level Output File Name         : loopback.ngc

Primitive and Black Box Usage:
------------------------------
# BELS                             : 231
#      GND                         : 1
#      INV                         : 1
#      LUT3                        : 11
#      LUT4                        : 3
#      LUT5                        : 9
#      LUT6                        : 52
#      LUT6_2                      : 78
#      MUXCY                       : 38
#      VCC                         : 1
#      XORCY                       : 37
# FlipFlops/Latches                : 175
#      FD                          : 87
#      FDC                         : 20
#      FDCE                        : 24
#      FDR                         : 30
#      FDRE                        : 14
# RAMS                             : 10
#      RAM32M                      : 4
#      RAM64M                      : 2
#      RAMB16BWER                  : 4
# Shift Registers                  : 16
#      SRL16E                      : 16
# Clock Buffers                    : 1
#      BUFGP                       : 1
# IO Buffers                       : 43
#      IBUF                        : 18
#      OBUF                        : 25

Device utilization summary:
---------------------------

Selected Device : 6slx45csg484-3 


Slice Logic Utilization: 
 Number of Slice Registers:             175  out of  54576     0%  
 Number of Slice LUTs:                  194  out of  27288     0%  
    Number used as Logic:               154  out of  27288     0%  
    Number used as Memory:               40  out of   6408     0%  
       Number used as RAM:               24
       Number used as SRL:               16

Slice Logic Distribution: 
 Number of LUT Flip Flop pairs used:    270
   Number with an unused Flip Flop:      95  out of    270    35%  
   Number with an unused LUT:            76  out of    270    28%  
   Number of fully used LUT-FF pairs:    99  out of    270    36%  
   Number of unique control sets:        11

IO Utilization: 
 Number of IOs:                          44
 Number of bonded IOBs:                  44  out of    320    13%  

Specific Feature Utilization:
 Number of Block RAM/FIFO:                4  out of    116     3%  
    Number using Block RAM only:          4
 Number of BUFG/BUFGCTRLs:                1  out of     16     6%  

---------------------------
Partition Resource Summary:
---------------------------

  No Partitions were found in this design.

---------------------------


=========================================================================
Timing Report

NOTE: THESE TIMING NUMBERS ARE ONLY A SYNTHESIS ESTIMATE.
      FOR ACCURATE TIMING INFORMATION PLEASE REFER TO THE TRACE REPORT
      GENERATED AFTER PLACE-and-ROUTE.

Clock Information:
------------------
-----------------------------------+-----------------------------------+-------+
Clock Signal                       | Clock buffer(FF name)             | Load  |
-----------------------------------+-----------------------------------+-------+
clk                                | BUFGP                             | 201   |
pb_interrupt                       | NONE(CPU/pblaze_rom/kcpsm6_rom_hh)| 4     |
-----------------------------------+-----------------------------------+-------+
INFO:Xst:2169 - HDL ADVISOR - Some clock signals were not automatically buffered by XST with BUFG/BUFR resources. Please use the buffer_type constraint in order to insert these buffers to the clock signals to help prevent skew problems.

Asynchronous Control Signals Information:
----------------------------------------
No asynchronous control signals found in this design

Timing Summary:
---------------
Speed Grade: -3

   Minimum period: 9.643ns (Maximum Frequency: 103.705MHz)
   Minimum input arrival time before clock: 4.257ns
   Maximum output required time after clock: 3.597ns
   Maximum combinational path delay: No path found

Timing Details:
---------------
All values displayed in nanoseconds (ns)

=========================================================================
Timing constraint: Default period analysis for Clock 'clk'
  Clock period: 9.643ns (frequency: 103.705MHz)
  Total number of paths / destination ports: 39230 / 467
-------------------------------------------------------------------------
Delay:               9.643ns (Levels of Logic = 6)
  Source:            CPU/pblaze_rom/kcpsm6_rom_lh (RAM)
  Destination:       UART/transmitter/pointer0_flop (FF)
  Source Clock:      clk rising
  Destination Clock: clk rising

  Data Path: CPU/pblaze_rom/kcpsm6_rom_lh to UART/transmitter/pointer0_flop
                                Gate     Net
    Cell:in->out      fanout   Delay   Delay  Logical Name (Net Name)
    ----------------------------------------  ------------
     RAMB16BWER:CLKA->DOA3    1   1.850   0.579  CPU/pblaze_rom/kcpsm6_rom_lh (CPU/pblaze_rom/n0015<3>)
     LUT6_2:I0->O5        16   0.568   1.004  CPU/pblaze_rom/s6_4k_mux12_lut (CPU/instruction<12>)
     LUT6_2:I4->O5        12   0.568   1.137  CPU/pblaze_cpu/data_path_loop[4].output_data.sy_kk_mux_lut (pb_port_id<4>)
     LUT5:I2->O            8   0.205   0.803  pb_port_id[7]_switches[7]_select_16_OUT<0>21 (pb_port_id[7]_switches[7]_select_16_OUT<0>2)
     LUT5:I4->O           12   0.205   0.908  write_to_uart1 (write_to_uart)
     LUT6_2:I2->O5         1   0.568   0.579  UART/transmitter/data_present_lut (UART/transmitter/en_pointer)
     LUT6_2:I2->O6         1   0.568   0.000  UART/transmitter/pointer01_lut (UART/transmitter/pointer_value<1>)
     FDR:D                     0.102          UART/transmitter/pointer1_flop
    ----------------------------------------
    Total                      9.643ns (4.634ns logic, 5.009ns route)
                                       (48.1% logic, 51.9% route)

=========================================================================
Timing constraint: Default period analysis for Clock 'pb_interrupt'
  Clock period: 2.729ns (frequency: 366.455MHz)
  Total number of paths / destination ports: 36 / 36
-------------------------------------------------------------------------
Delay:               2.729ns (Levels of Logic = 0)
  Source:            CPU/pblaze_rom/kcpsm6_rom_hh (RAM)
  Destination:       CPU/pblaze_rom/kcpsm6_rom_hh (RAM)
  Source Clock:      pb_interrupt rising
  Destination Clock: pb_interrupt rising

  Data Path: CPU/pblaze_rom/kcpsm6_rom_hh to CPU/pblaze_rom/kcpsm6_rom_hh
                                Gate     Net
    Cell:in->out      fanout   Delay   Delay  Logical Name (Net Name)
    ----------------------------------------  ------------
     RAMB16BWER:CLKB->DOB7    1   1.850   0.579  CPU/pblaze_rom/kcpsm6_rom_hh (CPU/pblaze_rom/n0032<7>)
     RAMB16BWER:DIB7           0.300          CPU/pblaze_rom/kcpsm6_rom_hh
    ----------------------------------------
    Total                      2.729ns (2.150ns logic, 0.579ns route)
                                       (78.8% logic, 21.2% route)

=========================================================================
Timing constraint: Default OFFSET IN BEFORE for Clock 'clk'
  Total number of paths / destination ports: 74 / 66
-------------------------------------------------------------------------
Offset:              4.257ns (Levels of Logic = 3)
  Source:            reset (PAD)
  Destination:       CPU/pblaze_cpu/internal_reset_flop (FF)
  Destination Clock: clk rising

  Data Path: reset to CPU/pblaze_cpu/internal_reset_flop
                                Gate     Net
    Cell:in->out      fanout   Delay   Delay  Logical Name (Net Name)
    ----------------------------------------  ------------
     IBUF:I->O             1   1.222   0.579  reset_IBUF (reset_IBUF)
     INV:I->O             55   0.206   1.580  led_reset1_INV_0 (led_reset)
     LUT6_2:I4->O6         1   0.568   0.000  CPU/pblaze_cpu/reset_lut (CPU/pblaze_cpu/internal_reset_value)
     FD:D                      0.102          CPU/pblaze_cpu/internal_reset_flop
    ----------------------------------------
    Total                      4.257ns (2.098ns logic, 2.159ns route)
                                       (49.3% logic, 50.7% route)

=========================================================================
Timing constraint: Default OFFSET OUT AFTER for Clock 'clk'
  Total number of paths / destination ports: 25 / 25
-------------------------------------------------------------------------
Offset:              3.597ns (Levels of Logic = 1)
  Source:            led_driver/leds_7 (FF)
  Destination:       leds<7> (PAD)
  Source Clock:      clk rising

  Data Path: led_driver/leds_7 to leds<7>
                                Gate     Net
    Cell:in->out      fanout   Delay   Delay  Logical Name (Net Name)
    ----------------------------------------  ------------
     FDCE:C->Q             1   0.447   0.579  led_driver/leds_7 (led_driver/leds_7)
     OBUF:I->O                 2.571          leds_7_OBUF (leds<7>)
    ----------------------------------------
    Total                      3.597ns (3.018ns logic, 0.579ns route)
                                       (83.9% logic, 16.1% route)

=========================================================================

Cross Clock Domains Report:
--------------------------

Clock to Setup on destination clock clk
---------------+---------+---------+---------+---------+
               | Src:Rise| Src:Fall| Src:Rise| Src:Fall|
Source Clock   |Dest:Rise|Dest:Rise|Dest:Fall|Dest:Fall|
---------------+---------+---------+---------+---------+
clk            |    9.643|         |         |         |
---------------+---------+---------+---------+---------+

Clock to Setup on destination clock pb_interrupt
---------------+---------+---------+---------+---------+
               | Src:Rise| Src:Fall| Src:Rise| Src:Fall|
Source Clock   |Dest:Rise|Dest:Rise|Dest:Fall|Dest:Fall|
---------------+---------+---------+---------+---------+
pb_interrupt   |    2.729|         |         |         |
---------------+---------+---------+---------+---------+

=========================================================================


Total REAL time to Xst completion: 4.00 secs
Total CPU time to Xst completion: 1.04 secs
 
--> 


Total memory usage is 486100 kilobytes

Number of errors   :    0 (   0 filtered)
Number of warnings :   24 (   0 filtered)
Number of infos    :    8 (   0 filtered)

