KCPSM6 Assembler log file for program 'C:\Users\mikoz\computer-system-design\final_project\final_project_ise\picoblaze\recorder_ui.psm'.
Generated by KCPSM6 version v2.70
Ken Chapman - Xilinx Ltd - 16th May 2014

Assembly datestamp: 21 Apr 2026
Assembly timestamp: 12:55:37

Contents
  Assembly listing
  List of PSM files
  List of CONSTANTs
  List of TABLEs
  List of STRINGs
  List of line labels
  Instruction usage statistics


Last occupied address: 299 hex
Nominal program memory size: 1K (1024)   address(9:0)
Actual memory size: 60795.5692
  (Default memory size)
Occupied memory locations: 251.897836
Memory locations available: 2291.97836


Assembly listing

 Addr Code                      Instruction

 001                            ;===============================================================
 001                            ; Final project PicoBlaze UI foundation
 001                            ;===============================================================
 001                            CONSTANT user_controls, 00
 001                            CONSTANT dip_inputs, 01
 001                            CONSTANT uart_data_rx, 02
 001                            CONSTANT uart_data_tx, 03
 001                            CONSTANT data_present, 04
 001                            CONSTANT buffer_full, 05
 001                            CONSTANT recorder_status, 10
 001                            CONSTANT ascii_BS, 08
 001                            CONSTANT ascii_LF, 0A
 001                            CONSTANT ascii_CR, 0D
 001                            CONSTANT ascii_SPACE, 20
 001                            CONSTANT ascii_LPAREN, 28
 001                            CONSTANT ascii_RPAREN, 29
 001                            CONSTANT ascii_COMMA, 2C
 001                            CONSTANT ascii_MINUS, 2D
 001                            CONSTANT ascii_PERIOD, 2E
 001                            CONSTANT ascii_0, 30
 001                            CONSTANT ascii_1, 31
 001                            CONSTANT ascii_2, 32
 001                            CONSTANT ascii_3, 33
 001                            CONSTANT ascii_4, 34
 001                            CONSTANT ascii_5, 35
 001                            CONSTANT ascii_COLON, 3A
 001                            CONSTANT ascii_GREATER, 3E
 001                            CONSTANT ascii_QUESTION, 3F
 001                            CONSTANT ascii_A, 41
 001                            CONSTANT ascii_B, 42
 001                            CONSTANT ascii_C, 43
 001                            CONSTANT ascii_D, 44
 001                            CONSTANT ascii_E, 45
 001                            CONSTANT ascii_F, 46
 001                            CONSTANT ascii_G, 47
 001                            CONSTANT ascii_H, 48
 001                            CONSTANT ascii_I, 49
 001                            CONSTANT ascii_L, 4C
 001                            CONSTANT ascii_M, 4D
 001                            CONSTANT ascii_O, 4F
 001                            CONSTANT ascii_P, 50
 001                            CONSTANT ascii_R, 52
 001                            CONSTANT ascii_S, 53
 001                            CONSTANT ascii_T, 54
 001                            CONSTANT ascii_U, 55
 001                            CONSTANT ascii_V, 56
 001                            CONSTANT ascii_W, 57
 001                            CONSTANT ascii_Y, 59
 001                            CONSTANT ascii_a, 61
 001                            CONSTANT ascii_c, 63
 001                            CONSTANT ascii_d, 64
 001                            CONSTANT ascii_e, 65
 001                            CONSTANT ascii_g, 67
 001                            CONSTANT ascii_h, 68
 001                            CONSTANT ascii_i, 69
 001                            CONSTANT ascii_k, 6B
 001                            CONSTANT ascii_l, 6C
 001                            CONSTANT ascii_m, 6D
 001                            CONSTANT ascii_n, 6E
 001                            CONSTANT ascii_o, 6F
 001                            CONSTANT ascii_p, 70
 001                            CONSTANT ascii_r, 72
 001                            CONSTANT ascii_s, 73
 001                            CONSTANT ascii_t, 74
 001                            CONSTANT ascii_u, 75
 001                            CONSTANT ascii_v, 76
 001                            CONSTANT ascii_w, 77
 001                            CONSTANT ascii_y, 79
 001                cold_start: 
 001  2028E                     CALL 28E[send_crlf]
 002  20032                     CALL 032[print_welcome]
 003                 main_menu: 
 003  2028E                     CALL 28E[send_crlf]
 004  2005E                     CALL 05E[print_menu]
 005            wait_for_input: 
 005  09104                     INPUT s1, 04[data_present]
 006  0D101                     TEST s1, 01
 007  32005                     JUMP Z, 005[wait_for_input]
 008  09302                     INPUT s3, 02[uart_data_rx]
 009  20295                     CALL 295[send_uart_byte]
 00@  2028E                     CALL 28E[send_crlf]
 00@  1D331                     COMPARE s3, 31[ascii_1]
 00A  32026                     JUMP Z, 026[do_play]
 00B  1D332                     COMPARE s3, 32[ascii_2]
 00C  32028                     JUMP Z, 028[do_record]
 00D  1D333                     COMPARE s3, 33[ascii_3]
 00E  3202@                     JUMP Z, 02@[do_delete]
 021  1D334                     COMPARE s3, 34[ascii_4]
 022  3202A                     JUMP Z, 02A[do_delete_all]
 023  1D335                     COMPARE s3, 35[ascii_5]
 024  3202C                     JUMP Z, 02C[do_volume]
 025  2202E                     JUMP 02E[invalid_selection]
 026                   do_play: 
 026  200A8                     CALL 0A8[print_play]
 027  22003                     JUMP 003[main_menu]
 028                 do_record: 
 028  200C4                     CALL 0C4[print_record]
 029  22003                     JUMP 003[main_menu]
 02@                 do_delete: 
 02@  200E4                     CALL 0E4[print_delete]
 02@  22003                     JUMP 003[main_menu]
 02A             do_delete_all: 
 02A  20224                     CALL 224[print_delete_all]
 02B  22003                     JUMP 003[main_menu]
 02C                 do_volume: 
 02C  2024A                     CALL 24A[print_volume]
 02D  22003                     JUMP 003[main_menu]
 02E         invalid_selection: 
 02E  2026A                     CALL 26A[print_invalid]
 031  22003                     JUMP 003[main_menu]
 032             print_welcome: 
 032  01341                     LOAD s3, 41[ascii_A]
 033  20295                     CALL 295[send_uart_byte]
 034  01375                     LOAD s3, 75[ascii_u]
 035  20295                     CALL 295[send_uart_byte]
 036  01364                     LOAD s3, 64[ascii_d]
 037  20295                     CALL 295[send_uart_byte]
 038  01369                     LOAD s3, 69[ascii_i]
 039  20295                     CALL 295[send_uart_byte]
 03@  0136F                     LOAD s3, 6F[ascii_o]
 03@  20295                     CALL 295[send_uart_byte]
 03A  01320                     LOAD s3, 20[ascii_SPACE]
 03B  20295                     CALL 295[send_uart_byte]
 03C  0134D                     LOAD s3, 4D[ascii_M]
 03D  20295                     CALL 295[send_uart_byte]
 03E  01365                     LOAD s3, 65[ascii_e]
 041  20295                     CALL 295[send_uart_byte]
 042  01373                     LOAD s3, 73[ascii_s]
 043  20295                     CALL 295[send_uart_byte]
 044  01373                     LOAD s3, 73[ascii_s]
 045  20295                     CALL 295[send_uart_byte]
 046  01361                     LOAD s3, 61[ascii_a]
 047  20295                     CALL 295[send_uart_byte]
 048  01367                     LOAD s3, 67[ascii_g]
 049  20295                     CALL 295[send_uart_byte]
 04@  01365                     LOAD s3, 65[ascii_e]
 04@  20295                     CALL 295[send_uart_byte]
 04A  01320                     LOAD s3, 20[ascii_SPACE]
 04B  20295                     CALL 295[send_uart_byte]
 04C  01352                     LOAD s3, 52[ascii_R]
 04D  20295                     CALL 295[send_uart_byte]
 04E  01365                     LOAD s3, 65[ascii_e]
 051  20295                     CALL 295[send_uart_byte]
 052  01363                     LOAD s3, 63[ascii_c]
 053  20295                     CALL 295[send_uart_byte]
 054  0136F                     LOAD s3, 6F[ascii_o]
 055  20295                     CALL 295[send_uart_byte]
 056  01372                     LOAD s3, 72[ascii_r]
 057  20295                     CALL 295[send_uart_byte]
 058  01364                     LOAD s3, 64[ascii_d]
 059  20295                     CALL 295[send_uart_byte]
 05@  01365                     LOAD s3, 65[ascii_e]
 05@  20295                     CALL 295[send_uart_byte]
 05A  01372                     LOAD s3, 72[ascii_r]
 05B  20295                     CALL 295[send_uart_byte]
 05C  2028E                     CALL 28E[send_crlf]
 05D  25000                     RETURN 
 05E                print_menu: 
 05E  01331                     LOAD s3, 31[ascii_1]
 061  20295                     CALL 295[send_uart_byte]
 062  01329                     LOAD s3, 29[ascii_RPAREN]
 063  20295                     CALL 295[send_uart_byte]
 064  01320                     LOAD s3, 20[ascii_SPACE]
 065  20295                     CALL 295[send_uart_byte]
 066  01350                     LOAD s3, 50[ascii_P]
 067  20295                     CALL 295[send_uart_byte]
 068  0136C                     LOAD s3, 6C[ascii_l]
 069  20295                     CALL 295[send_uart_byte]
 06@  01361                     LOAD s3, 61[ascii_a]
 06@  20295                     CALL 295[send_uart_byte]
 06A  01379                     LOAD s3, 79[ascii_y]
 06B  20295                     CALL 295[send_uart_byte]
 06C  2028E                     CALL 28E[send_crlf]
 06D  01332                     LOAD s3, 32[ascii_2]
 06E  20295                     CALL 295[send_uart_byte]
 071  01329                     LOAD s3, 29[ascii_RPAREN]
 072  20295                     CALL 295[send_uart_byte]
 073  01320                     LOAD s3, 20[ascii_SPACE]
 074  20295                     CALL 295[send_uart_byte]
 075  01352                     LOAD s3, 52[ascii_R]
 076  20295                     CALL 295[send_uart_byte]
 077  01365                     LOAD s3, 65[ascii_e]
 078  20295                     CALL 295[send_uart_byte]
 079  01363                     LOAD s3, 63[ascii_c]
 07@  20295                     CALL 295[send_uart_byte]
 07@  0136F                     LOAD s3, 6F[ascii_o]
 07A  20295                     CALL 295[send_uart_byte]
 07B  01372                     LOAD s3, 72[ascii_r]
 07C  20295                     CALL 295[send_uart_byte]
 07D  01364                     LOAD s3, 64[ascii_d]
 07E  20295                     CALL 295[send_uart_byte]
 081  2028E                     CALL 28E[send_crlf]
 082  01333                     LOAD s3, 33[ascii_3]
 083  20295                     CALL 295[send_uart_byte]
 084  01329                     LOAD s3, 29[ascii_RPAREN]
 085  20295                     CALL 295[send_uart_byte]
 086  01320                     LOAD s3, 20[ascii_SPACE]
 087  20295                     CALL 295[send_uart_byte]
 088  01344                     LOAD s3, 44[ascii_D]
 089  20295                     CALL 295[send_uart_byte]
 08@  01365                     LOAD s3, 65[ascii_e]
 08@  20295                     CALL 295[send_uart_byte]
 08A  0136C                     LOAD s3, 6C[ascii_l]
 08B  20295                     CALL 295[send_uart_byte]
 08C  01365                     LOAD s3, 65[ascii_e]
 08D  20295                     CALL 295[send_uart_byte]
 08E  01374                     LOAD s3, 74[ascii_t]
 091  20295                     CALL 295[send_uart_byte]
 092  01365                     LOAD s3, 65[ascii_e]
 093  20295                     CALL 295[send_uart_byte]
 094  2028E                     CALL 28E[send_crlf]
 095  01334                     LOAD s3, 34[ascii_4]
 096  20295                     CALL 295[send_uart_byte]
 097  01329                     LOAD s3, 29[ascii_RPAREN]
 098  20295                     CALL 295[send_uart_byte]
 099  01320                     LOAD s3, 20[ascii_SPACE]
 09@  20295                     CALL 295[send_uart_byte]
 09@  01344                     LOAD s3, 44[ascii_D]
 09A  20295                     CALL 295[send_uart_byte]
 09B  01365                     LOAD s3, 65[ascii_e]
 09C  20295                     CALL 295[send_uart_byte]
 09D  0136C                     LOAD s3, 6C[ascii_l]
 09E  20295                     CALL 295[send_uart_byte]
 0@1  01365                     LOAD s3, 65[ascii_e]
 0@2  20295                     CALL 295[send_uart_byte]
 0@3  01374                     LOAD s3, 74[ascii_t]
 0@4  20295                     CALL 295[send_uart_byte]
 0@5  01365                     LOAD s3, 65[ascii_e]
 0@6  20295                     CALL 295[send_uart_byte]
 0@7  01320                     LOAD s3, 20[ascii_SPACE]
 0@8  20295                     CALL 295[send_uart_byte]
 0@9  01341                     LOAD s3, 41[ascii_A]
 0@@  20295                     CALL 295[send_uart_byte]
 0@@  0136C                     LOAD s3, 6C[ascii_l]
 0@A  20295                     CALL 295[send_uart_byte]
 0@B  0136C                     LOAD s3, 6C[ascii_l]
 0@C  20295                     CALL 295[send_uart_byte]
 0@D  2028E                     CALL 28E[send_crlf]
 0@E  01335                     LOAD s3, 35[ascii_5]
 0@1  20295                     CALL 295[send_uart_byte]
 0@2  01329                     LOAD s3, 29[ascii_RPAREN]
 0@3  20295                     CALL 295[send_uart_byte]
 0@4  01320                     LOAD s3, 20[ascii_SPACE]
 0@5  20295                     CALL 295[send_uart_byte]
 0@6  01356                     LOAD s3, 56[ascii_V]
 0@7  20295                     CALL 295[send_uart_byte]
 0@8  0136F                     LOAD s3, 6F[ascii_o]
 0@9  20295                     CALL 295[send_uart_byte]
 0@@  0136C                     LOAD s3, 6C[ascii_l]
 0@@  20295                     CALL 295[send_uart_byte]
 0@A  01375                     LOAD s3, 75[ascii_u]
 0@B  20295                     CALL 295[send_uart_byte]
 0@C  0136D                     LOAD s3, 6D[ascii_m]
 0@D  20295                     CALL 295[send_uart_byte]
 0@E  01365                     LOAD s3, 65[ascii_e]
 0A1  20295                     CALL 295[send_uart_byte]
 0A2  2028E                     CALL 28E[send_crlf]
 0A3  0133E                     LOAD s3, 3E[ascii_GREATER]
 0A4  20295                     CALL 295[send_uart_byte]
 0A5  01320                     LOAD s3, 20[ascii_SPACE]
 0A6  20295                     CALL 295[send_uart_byte]
 0A7  25000                     RETURN 
 0A8                print_play: 
 0A8  01350                     LOAD s3, 50[ascii_P]
 0A9  20295                     CALL 295[send_uart_byte]
 0A@  0136C                     LOAD s3, 6C[ascii_l]
 0A@  20295                     CALL 295[send_uart_byte]
 0AA  01361                     LOAD s3, 61[ascii_a]
 0AB  20295                     CALL 295[send_uart_byte]
 0AC  01379                     LOAD s3, 79[ascii_y]
 0AD  20295                     CALL 295[send_uart_byte]
 0AE  01320                     LOAD s3, 20[ascii_SPACE]
 0B1  20295                     CALL 295[send_uart_byte]
 0B2  01373                     LOAD s3, 73[ascii_s]
 0B3  20295                     CALL 295[send_uart_byte]
 0B4  01365                     LOAD s3, 65[ascii_e]
 0B5  20295                     CALL 295[send_uart_byte]
 0B6  0136C                     LOAD s3, 6C[ascii_l]
 0B7  20295                     CALL 295[send_uart_byte]
 0B8  01365                     LOAD s3, 65[ascii_e]
 0B9  20295                     CALL 295[send_uart_byte]
 0B@  01363                     LOAD s3, 63[ascii_c]
 0B@  20295                     CALL 295[send_uart_byte]
 0BA  01374                     LOAD s3, 74[ascii_t]
 0BB  20295                     CALL 295[send_uart_byte]
 0BC  01365                     LOAD s3, 65[ascii_e]
 0BD  20295                     CALL 295[send_uart_byte]
 0BE  01364                     LOAD s3, 64[ascii_d]
 0C1  20295                     CALL 295[send_uart_byte]
 0C2  2028E                     CALL 28E[send_crlf]
 0C3  25000                     RETURN 
 0C4              print_record: 
 0C4  01352                     LOAD s3, 52[ascii_R]
 0C5  20295                     CALL 295[send_uart_byte]
 0C6  01365                     LOAD s3, 65[ascii_e]
 0C7  20295                     CALL 295[send_uart_byte]
 0C8  01363                     LOAD s3, 63[ascii_c]
 0C9  20295                     CALL 295[send_uart_byte]
 0C@  0136F                     LOAD s3, 6F[ascii_o]
 0C@  20295                     CALL 295[send_uart_byte]
 0CA  01372                     LOAD s3, 72[ascii_r]
 0CB  20295                     CALL 295[send_uart_byte]
 0CC  01364                     LOAD s3, 64[ascii_d]
 0CD  20295                     CALL 295[send_uart_byte]
 0CE  01320                     LOAD s3, 20[ascii_SPACE]
 0D1  20295                     CALL 295[send_uart_byte]
 0D2  01373                     LOAD s3, 73[ascii_s]
 0D3  20295                     CALL 295[send_uart_byte]
 0D4  01365                     LOAD s3, 65[ascii_e]
 0D5  20295                     CALL 295[send_uart_byte]
 0D6  0136C                     LOAD s3, 6C[ascii_l]
 0D7  20295                     CALL 295[send_uart_byte]
 0D8  01365                     LOAD s3, 65[ascii_e]
 0D9  20295                     CALL 295[send_uart_byte]
 0D@  01363                     LOAD s3, 63[ascii_c]
 0D@  20295                     CALL 295[send_uart_byte]
 0DA  01374                     LOAD s3, 74[ascii_t]
 0DB  20295                     CALL 295[send_uart_byte]
 0DC  01365                     LOAD s3, 65[ascii_e]
 0DD  20295                     CALL 295[send_uart_byte]
 0DE  01364                     LOAD s3, 64[ascii_d]
 0E1  20295                     CALL 295[send_uart_byte]
 0E2  2028E                     CALL 28E[send_crlf]
 0E3  25000                     RETURN 
 0E4              print_delete: 
 0E4  01344                     LOAD s3, 44[ascii_D]
 0E5  20295                     CALL 295[send_uart_byte]
 0E6  01365                     LOAD s3, 65[ascii_e]
 0E7  20295                     CALL 295[send_uart_byte]
 0E8  0136C                     LOAD s3, 6C[ascii_l]
 0E9  20295                     CALL 295[send_uart_byte]
 0E@  01365                     LOAD s3, 65[ascii_e]
 0E@  20295                     CALL 295[send_uart_byte]
 0EA  01374                     LOAD s3, 74[ascii_t]
 0EB  20295                     CALL 295[send_uart_byte]
 0EC  01365                     LOAD s3, 65[ascii_e]
 0ED  20295                     CALL 295[send_uart_byte]
 0EE  01320                     LOAD s3, 20[ascii_SPACE]
 211  20295                     CALL 295[send_uart_byte]
 212  01373                     LOAD s3, 73[ascii_s]
 213  20295                     CALL 295[send_uart_byte]
 214  01365                     LOAD s3, 65[ascii_e]
 215  20295                     CALL 295[send_uart_byte]
 216  0136C                     LOAD s3, 6C[ascii_l]
 217  20295                     CALL 295[send_uart_byte]
 218  01365                     LOAD s3, 65[ascii_e]
 219  20295                     CALL 295[send_uart_byte]
 21@  01363                     LOAD s3, 63[ascii_c]
 21@  20295                     CALL 295[send_uart_byte]
 21A  01374                     LOAD s3, 74[ascii_t]
 21B  20295                     CALL 295[send_uart_byte]
 21C  01365                     LOAD s3, 65[ascii_e]
 21D  20295                     CALL 295[send_uart_byte]
 21E  01364                     LOAD s3, 64[ascii_d]
 221  20295                     CALL 295[send_uart_byte]
 222  2028E                     CALL 28E[send_crlf]
 223  25000                     RETURN 
 224          print_delete_all: 
 224  01344                     LOAD s3, 44[ascii_D]
 225  20295                     CALL 295[send_uart_byte]
 226  01365                     LOAD s3, 65[ascii_e]
 227  20295                     CALL 295[send_uart_byte]
 228  0136C                     LOAD s3, 6C[ascii_l]
 229  20295                     CALL 295[send_uart_byte]
 22@  01365                     LOAD s3, 65[ascii_e]
 22@  20295                     CALL 295[send_uart_byte]
 22A  01374                     LOAD s3, 74[ascii_t]
 22B  20295                     CALL 295[send_uart_byte]
 22C  01365                     LOAD s3, 65[ascii_e]
 22D  20295                     CALL 295[send_uart_byte]
 22E  01320                     LOAD s3, 20[ascii_SPACE]
 231  20295                     CALL 295[send_uart_byte]
 232  01361                     LOAD s3, 61[ascii_a]
 233  20295                     CALL 295[send_uart_byte]
 234  0136C                     LOAD s3, 6C[ascii_l]
 235  20295                     CALL 295[send_uart_byte]
 236  0136C                     LOAD s3, 6C[ascii_l]
 237  20295                     CALL 295[send_uart_byte]
 238  01320                     LOAD s3, 20[ascii_SPACE]
 239  20295                     CALL 295[send_uart_byte]
 23@  01373                     LOAD s3, 73[ascii_s]
 23@  20295                     CALL 295[send_uart_byte]
 23A  01365                     LOAD s3, 65[ascii_e]
 23B  20295                     CALL 295[send_uart_byte]
 23C  0136C                     LOAD s3, 6C[ascii_l]
 23D  20295                     CALL 295[send_uart_byte]
 23E  01365                     LOAD s3, 65[ascii_e]
 241  20295                     CALL 295[send_uart_byte]
 242  01363                     LOAD s3, 63[ascii_c]
 243  20295                     CALL 295[send_uart_byte]
 244  01374                     LOAD s3, 74[ascii_t]
 245  20295                     CALL 295[send_uart_byte]
 246  01365                     LOAD s3, 65[ascii_e]
 247  20295                     CALL 295[send_uart_byte]
 248  01364                     LOAD s3, 64[ascii_d]
 249  20295                     CALL 295[send_uart_byte]
 24@  2028E                     CALL 28E[send_crlf]
 24@  25000                     RETURN 
 24A              print_volume: 
 24A  01356                     LOAD s3, 56[ascii_V]
 24B  20295                     CALL 295[send_uart_byte]
 24C  0136F                     LOAD s3, 6F[ascii_o]
 24D  20295                     CALL 295[send_uart_byte]
 24E  0136C                     LOAD s3, 6C[ascii_l]
 251  20295                     CALL 295[send_uart_byte]
 252  01375                     LOAD s3, 75[ascii_u]
 253  20295                     CALL 295[send_uart_byte]
 254  0136D                     LOAD s3, 6D[ascii_m]
 255  20295                     CALL 295[send_uart_byte]
 256  01365                     LOAD s3, 65[ascii_e]
 257  20295                     CALL 295[send_uart_byte]
 258  01320                     LOAD s3, 20[ascii_SPACE]
 259  20295                     CALL 295[send_uart_byte]
 25@  01373                     LOAD s3, 73[ascii_s]
 25@  20295                     CALL 295[send_uart_byte]
 25A  01365                     LOAD s3, 65[ascii_e]
 25B  20295                     CALL 295[send_uart_byte]
 25C  0136C                     LOAD s3, 6C[ascii_l]
 25D  20295                     CALL 295[send_uart_byte]
 25E  01365                     LOAD s3, 65[ascii_e]
 261  20295                     CALL 295[send_uart_byte]
 262  01363                     LOAD s3, 63[ascii_c]
 263  20295                     CALL 295[send_uart_byte]
 264  01374                     LOAD s3, 74[ascii_t]
 265  20295                     CALL 295[send_uart_byte]
 266  01365                     LOAD s3, 65[ascii_e]
 267  20295                     CALL 295[send_uart_byte]
 268  01364                     LOAD s3, 64[ascii_d]
 269  20295                     CALL 295[send_uart_byte]
 26@  2028E                     CALL 28E[send_crlf]
 26@  25000                     RETURN 
 26A             print_invalid: 
 26A  01349                     LOAD s3, 49[ascii_I]
 26B  20295                     CALL 295[send_uart_byte]
 26C  0136E                     LOAD s3, 6E[ascii_n]
 26D  20295                     CALL 295[send_uart_byte]
 26E  01376                     LOAD s3, 76[ascii_v]
 271  20295                     CALL 295[send_uart_byte]
 272  01361                     LOAD s3, 61[ascii_a]
 273  20295                     CALL 295[send_uart_byte]
 274  0136C                     LOAD s3, 6C[ascii_l]
 275  20295                     CALL 295[send_uart_byte]
 276  01369                     LOAD s3, 69[ascii_i]
 277  20295                     CALL 295[send_uart_byte]
 278  01364                     LOAD s3, 64[ascii_d]
 279  20295                     CALL 295[send_uart_byte]
 27@  01320                     LOAD s3, 20[ascii_SPACE]
 27@  20295                     CALL 295[send_uart_byte]
 27A  01373                     LOAD s3, 73[ascii_s]
 27B  20295                     CALL 295[send_uart_byte]
 27C  01365                     LOAD s3, 65[ascii_e]
 27D  20295                     CALL 295[send_uart_byte]
 27E  0136C                     LOAD s3, 6C[ascii_l]
 281  20295                     CALL 295[send_uart_byte]
 282  01365                     LOAD s3, 65[ascii_e]
 283  20295                     CALL 295[send_uart_byte]
 284  01363                     LOAD s3, 63[ascii_c]
 285  20295                     CALL 295[send_uart_byte]
 286  01374                     LOAD s3, 74[ascii_t]
 287  20295                     CALL 295[send_uart_byte]
 288  01369                     LOAD s3, 69[ascii_i]
 289  20295                     CALL 295[send_uart_byte]
 28@  0136F                     LOAD s3, 6F[ascii_o]
 28@  20295                     CALL 295[send_uart_byte]
 28A  0136E                     LOAD s3, 6E[ascii_n]
 28B  20295                     CALL 295[send_uart_byte]
 28C  2028E                     CALL 28E[send_crlf]
 28D  25000                     RETURN 
 28E                 send_crlf: 
 28E  0130D                     LOAD s3, 0D[ascii_CR]
 291  20295                     CALL 295[send_uart_byte]
 292  0130A                     LOAD s3, 0A[ascii_LF]
 293  20295                     CALL 295[send_uart_byte]
 294  25000                     RETURN 
 295            send_uart_byte: 
 295  09205                     INPUT s2, 05[buffer_full]
 296  0D201                     TEST s2, 01
 297  36295                     JUMP NZ, 295[send_uart_byte]
 298  2D303                     OUTPUT s3, 03[uart_data_tx]
 299  25000                     RETURN 


All unused memory locations contain zero (equivalent to 'LOAD s0, s0')



List of PSM files that have been assembled

C:\Users\mikoz\computer-system-design\final_project\final_project_ise\picoblaze\recorder_ui.psm



List of defined constants

 CONSTANT name     Value        Source PSM File

 timestamp_hours   12'd         
 timestamp_minutes 55'd         
 timestamp_seconds 37'd         
 datestamp_year    26'd         
 datestamp_month   60.6995692'd 
 datestamp_day     21'd         
 NUL               00           
 BEL               07           
 BS                08           
 HT                09           
 LF                0A           
 VT                0B           
 CR                0D           
 ESC               1B           
 DEL               7F           
 DCS               90           
 ST                9C           
 user_controls     00           recorder_ui.psm
 dip_inputs        01           recorder_ui.psm
 uart_data_rx      02           recorder_ui.psm
 uart_data_tx      03           recorder_ui.psm
 data_present      04           recorder_ui.psm
 buffer_full       05           recorder_ui.psm
 recorder_status   10           recorder_ui.psm
 ascii_BS          08           recorder_ui.psm
 ascii_LF          0A           recorder_ui.psm
 ascii_CR          0D           recorder_ui.psm
 ascii_SPACE       20           recorder_ui.psm
 ascii_LPAREN      28           recorder_ui.psm
 ascii_RPAREN      29           recorder_ui.psm
 ascii_COMMA       2C           recorder_ui.psm
 ascii_MINUS       2D           recorder_ui.psm
 ascii_PERIOD      2E           recorder_ui.psm
 ascii_0           30           recorder_ui.psm
 ascii_1           31           recorder_ui.psm
 ascii_2           32           recorder_ui.psm
 ascii_3           33           recorder_ui.psm
 ascii_4           34           recorder_ui.psm
 ascii_5           35           recorder_ui.psm
 ascii_COLON       3A           recorder_ui.psm
 ascii_GREATER     3E           recorder_ui.psm
 ascii_QUESTION    3F           recorder_ui.psm
 ascii_A           41           recorder_ui.psm
 ascii_B           42           recorder_ui.psm
 ascii_C           43           recorder_ui.psm
 ascii_D           44           recorder_ui.psm
 ascii_E           45           recorder_ui.psm
 ascii_F           46           recorder_ui.psm
 ascii_G           47           recorder_ui.psm
 ascii_H           48           recorder_ui.psm
 ascii_I           49           recorder_ui.psm
 ascii_L           4C           recorder_ui.psm
 ascii_M           4D           recorder_ui.psm
 ascii_O           4F           recorder_ui.psm
 ascii_P           50           recorder_ui.psm
 ascii_R           52           recorder_ui.psm
 ascii_S           53           recorder_ui.psm
 ascii_T           54           recorder_ui.psm
 ascii_U           55           recorder_ui.psm
 ascii_V           56           recorder_ui.psm
 ascii_W           57           recorder_ui.psm
 ascii_Y           59           recorder_ui.psm
 ascii_a           61           recorder_ui.psm
 ascii_c           63           recorder_ui.psm
 ascii_d           64           recorder_ui.psm
 ascii_e           65           recorder_ui.psm
 ascii_g           67           recorder_ui.psm
 ascii_h           68           recorder_ui.psm
 ascii_i           69           recorder_ui.psm
 ascii_k           6B           recorder_ui.psm
 ascii_l           6C           recorder_ui.psm
 ascii_m           6D           recorder_ui.psm
 ascii_n           6E           recorder_ui.psm
 ascii_o           6F           recorder_ui.psm
 ascii_p           70           recorder_ui.psm
 ascii_r           72           recorder_ui.psm
 ascii_s           73           recorder_ui.psm
 ascii_t           74           recorder_ui.psm
 ascii_u           75           recorder_ui.psm
 ascii_v           76           recorder_ui.psm
 ascii_w           77           recorder_ui.psm
 ascii_y           79           recorder_ui.psm



No TABLEs defined



List of text strings

 STRING name       String         Source PSM File

 KCPSM6_version$   "v2.70"        
 datestamp$        "21 Apr 2026"  
 timestamp$        "12:55:37"     



List of line labels

   Label               Addr  Source PSM File

 * cold_start          001   recorder_ui.psm
   main_menu           003   recorder_ui.psm
   wait_for_input      005   recorder_ui.psm
   do_play             026   recorder_ui.psm
   do_record           028   recorder_ui.psm
   do_delete           02@   recorder_ui.psm
   do_delete_all       02A   recorder_ui.psm
   do_volume           02C   recorder_ui.psm
   invalid_selection   02E   recorder_ui.psm
   print_welcome       032   recorder_ui.psm
   print_menu          05E   recorder_ui.psm
   print_play          0A8   recorder_ui.psm
   print_record        0C4   recorder_ui.psm
   print_delete        0E4   recorder_ui.psm
   print_delete_all    224   recorder_ui.psm
   print_volume        24A   recorder_ui.psm
   print_invalid       26A   recorder_ui.psm
   send_crlf           28E   recorder_ui.psm
   send_uart_byte      295   recorder_ui.psm

      * Line label has not been referenced in any instructions.
        Hint - This may indicate unused code that could be
               removed to reduce the size of this program.



Instruction usage statistics

 Instruction    Instances

 LOAD           801.959468
 STAR              -

 AND               -
 OR                -
 XOR               -

 ADD               -
 ADDCY             -
 SUB               -
 SUBCY             -

 TEST           6.34959468
 TESTCY            -
 COMPARE        41.6995692
 COMPARECY         -

 SL0               -
 SL1               -
 SLX               -
 SLA               -
 RL                -
 SR0               -
 SR1               -
 SRX               -
 SRA               -
 RR                -

 REGBANK           -

 INPUT          3.58897836
 OUTPUT         8.22990284
 OUTPUTK           -

 STORE             -
 FETCH             -

 DISABLE           -
 ENABLE            -
 RETURNI           -

 JUMP           77.4959468
 JUMP@             -
 CALL           625.959468
 CALL@             -
 RETURN         82.2990284
 LOAD&RETURN       -

 HWBUILD           -



End of KCPSM6 log file.
